../Core/Src/main.c:72:5:_write	32	static
../Core/Src/main.c:85:6:LD3_Write	16	static
../Core/Src/main.c:90:6:HAL_UARTEx_RxEventCallback	16	static
../Core/Src/main.c:104:5:main	16	static
../Core/Src/main.c:190:6:SystemClock_Config	96	static
../Core/Src/main.c:251:13:MX_CRC_Init	8	static
../Core/Src/main.c:282:13:MX_USART1_UART_Init	8	static
../Core/Src/main.c:317:13:MX_USART2_UART_Init	8	static
../Core/Src/main.c:350:13:MX_DMA_Init	16	static
../Core/Src/main.c:371:13:MX_GPIO_Init	40	static
../Core/Src/main.c:406:6:Error_Handler	4	static,ignoring_inline_asm
