../Core/Src/main.c:73:5:_write	32	static
../Core/Src/main.c:86:6:LD3_Write	16	static
../Core/Src/main.c:91:6:HAL_UARTEx_RxEventCallback	16	static
../Core/Src/main.c:105:5:main	8	static
../Core/Src/main.c:172:6:SystemClock_Config	96	static
../Core/Src/main.c:233:13:MX_CRC_Init	8	static
../Core/Src/main.c:264:13:MX_USART1_UART_Init	8	static
../Core/Src/main.c:299:13:MX_USART2_UART_Init	8	static
../Core/Src/main.c:332:13:MX_DMA_Init	16	static
../Core/Src/main.c:353:13:MX_GPIO_Init	40	static
../Core/Src/main.c:388:6:Error_Handler	4	static,ignoring_inline_asm
