00:59:48 **** Incremental Build of configuration Debug for project custom_bootloader_controllers_tech ****
make -j12 all 
arm-none-eabi-gcc "../Core/Src/main.c" -mcpu=cortex-m7 -std=gnu11 -g3 -DDEBUG -DUSE_PWR_LDO_SUPPLY -DUSE_HAL_DRIVER -DSTM32H743xx -c -I../Core/Inc -I../Drivers/STM32H7xx_HAL_Driver/Inc -I../Drivers/STM32H7xx_HAL_Driver/Inc/Legacy -I../Drivers/CMSIS/Device/ST/STM32H7xx/Include -I../Drivers/CMSIS/Include -O0 -ffunction-sections -fdata-sections -Wall -fstack-usage -fcyclomatic-complexity -MMD -MP -MF"Core/Src/main.d" -MT"Core/Src/main.o" --specs=nano.specs -mfpu=fpv5-d16 -mfloat-abi=hard -mthumb -o "Core/Src/main.o"
../Core/Src/main.c: In function 'main':
../Core/Src/main.c:103:11: warning: implicit declaration of function 'JumpToApplication' [-Wimplicit-function-declaration]
  103 |           JumpToApplication();
      |           ^~~~~~~~~~~~~~~~~
arm-none-eabi-gcc -o "custom_bootloader_controllers_tech.elf" @"objects.list"   -mcpu=cortex-m7 -T"E:\altium_projects\stm32_custom_bootloader\custom_bootloader_controllers_tech\STM32H743VITX_FLASH.ld" --specs=nosys.specs -Wl,-Map="custom_bootloader_controllers_tech.map" -Wl,--gc-sections -static --specs=nano.specs -mfpu=fpv5-d16 -mfloat-abi=hard -mthumb -Wl,--start-group -lc -lm -Wl,--end-group
Finished building target: custom_bootloader_controllers_tech.elf
 
arm-none-eabi-size  custom_bootloader_controllers_tech.elf 
arm-none-eabi-objdump -h -S custom_bootloader_controllers_tech.elf  > "custom_bootloader_controllers_tech.list"
arm-none-eabi-objcopy  -O binary custom_bootloader_controllers_tech.elf  "custom_bootloader_controllers_tech.bin"
   text	   data	    bss	    dec	    hex	filename
  21228	     16	   1720	  22964	   59b4	custom_bootloader_controllers_tech.elf
Finished building: default.size.stdout
 
Finished building: custom_bootloader_controllers_tech.bin
 
Finished building: custom_bootloader_controllers_tech.list
 

00:59:49 Build Finished. 0 errors, 1 warnings. (took 794ms)

