2026-04-13 22:21:50,744 [INFO] Activator:176 - 


2026-04-13 22:21:50,747 [INFO] Activator:177 - !SESSION log4j initialized
2026-04-13 22:21:55,070 [INFO] LogOutputStream:77 - [STDOUT_REDIRECT] 
2026-04-13 22:21:55,861 [INFO] ApplicationProperties:184 - Using Application install path: E:\STM32CubeIDE_1.19.0\STM32CubeIDE\plugins\com.st.stm32cube.common.mx_6.15.0.202507011659
2026-04-13 22:21:55,878 [INFO] DbMcusXml:78 - Set database path to: E:\STM32CubeIDE_1.19.0\STM32CubeIDE\plugins\com.st.stm32cube.common.mx_6.15.0.202507011659\\db\/mcu/
2026-04-13 22:21:55,878 [INFO] ApiDb:274 - Set plugin database path to: E:\STM32CubeIDE_1.19.0\STM32CubeIDE\plugins\com.st.stm32cube.common.mx_6.15.0.202507011659\\db\/plugins/boardmanager/
2026-04-13 22:21:55,878 [WARN] ApiDb:259 - Overriding images path with different value:  => E:\STM32CubeIDE_1.19.0\STM32CubeIDE\plugins\com.st.stm32cube.common.mx_6.15.0.202507011659\\db\/plugins/mcufinder/images/
2026-04-13 22:21:55,884 [INFO] ApiDb:250 - Set database path to: C:\Users\Josh\.stmcufinder\plugins\mcufinder//mcu/
2026-04-13 22:21:55,885 [INFO] DbMcusAds:125 - Set database path to: C:\Users\Josh\.stmcufinder\plugins\mcufinder//mcu/
2026-04-13 22:21:55,886 [INFO] CrossReferenceDbSqlite:203 - Set database path to: C:\Users\Josh\.stmcufinder\plugins\mcufinder//mcu/cs/
2026-04-13 22:21:55,979 [INFO] RulesReader:64 - Compatibility file has been processed (317 Rules)
2026-04-13 22:21:56,036 [INFO] DbMcusXml:78 - Set database path to: E:\STM32CubeIDE_1.19.0\STM32CubeIDE\plugins\com.st.stm32cube.common.mx_6.15.0.202507011659\\db\/mcu/
2026-04-13 22:21:56,036 [INFO] ApiDb:274 - Set plugin database path to: E:\STM32CubeIDE_1.19.0\STM32CubeIDE\plugins\com.st.stm32cube.common.mx_6.15.0.202507011659\\db\/plugins/boardmanager/
2026-04-13 22:21:56,036 [INFO] ApiDb:261 - Set plugin images path to: E:\STM32CubeIDE_1.19.0\STM32CubeIDE\plugins\com.st.stm32cube.common.mx_6.15.0.202507011659\\db\/plugins/mcufinder/images/
2026-04-13 22:21:56,036 [WARN] DbFile:41 - Overriding database path with different value: C:\Users\Josh\.stmcufinder\plugins\mcufinder/ => C:\Users\Josh\.stmcufinder\plugins\mcufinder
2026-04-13 22:21:56,036 [INFO] ApiDb:250 - Set database path to: C:\Users\Josh\.stmcufinder\plugins\mcufinder//mcu/
2026-04-13 22:21:56,036 [WARN] DbFile:41 - Overriding database path with different value: C:\Users\Josh\.stmcufinder\plugins\mcufinder/ => C:\Users\Josh\.stmcufinder\plugins\mcufinder
2026-04-13 22:21:56,037 [INFO] DbMcusAds:125 - Set database path to: C:\Users\Josh\.stmcufinder\plugins\mcufinder//mcu/
2026-04-13 22:21:56,037 [WARN] DbFile:41 - Overriding database path with different value: C:\Users\Josh\.stmcufinder\plugins\mcufinder/ => C:\Users\Josh\.stmcufinder\plugins\mcufinder
2026-04-13 22:21:56,037 [WARN] DbFile:41 - Overriding database path with different value: C:\Users\Josh\.stmcufinder\plugins\mcufinder/ => C:\Users\Josh\.stmcufinder\plugins\mcufinder
2026-04-13 22:21:56,037 [INFO] CrossReferenceDbSqlite:203 - Set database path to: C:\Users\Josh\.stmcufinder\plugins\mcufinder//mcu/cs/
2026-04-13 22:21:56,098 [INFO] MainPanel:274 - HeapMemory: 268435456
2026-04-13 22:21:56,185 [INFO] DbMcusXml:78 - Set database path to: E:\STM32CubeIDE_1.19.0\STM32CubeIDE\plugins\com.st.stm32cube.common.mx_6.15.0.202507011659\\db\/mcu/
2026-04-13 22:21:56,185 [INFO] ApiDb:274 - Set plugin database path to: E:\STM32CubeIDE_1.19.0\STM32CubeIDE\plugins\com.st.stm32cube.common.mx_6.15.0.202507011659\\db\/plugins/boardmanager/
2026-04-13 22:21:56,185 [INFO] ApiDb:261 - Set plugin images path to: E:\STM32CubeIDE_1.19.0\STM32CubeIDE\plugins\com.st.stm32cube.common.mx_6.15.0.202507011659\\db\/plugins/mcufinder/images/
2026-04-13 22:21:56,185 [WARN] DbFile:41 - Overriding database path with different value: C:\Users\Josh\.stmcufinder\plugins\mcufinder/ => C:\Users\Josh\.stmcufinder\plugins\mcufinder
2026-04-13 22:21:56,185 [INFO] ApiDb:250 - Set database path to: C:\Users\Josh\.stmcufinder\plugins\mcufinder//mcu/
2026-04-13 22:21:56,185 [WARN] DbFile:41 - Overriding database path with different value: C:\Users\Josh\.stmcufinder\plugins\mcufinder/ => C:\Users\Josh\.stmcufinder\plugins\mcufinder
2026-04-13 22:21:56,185 [INFO] DbMcusAds:125 - Set database path to: C:\Users\Josh\.stmcufinder\plugins\mcufinder//mcu/
2026-04-13 22:21:56,185 [WARN] DbFile:41 - Overriding database path with different value: C:\Users\Josh\.stmcufinder\plugins\mcufinder/ => C:\Users\Josh\.stmcufinder\plugins\mcufinder
2026-04-13 22:21:56,185 [WARN] DbFile:41 - Overriding database path with different value: C:\Users\Josh\.stmcufinder\plugins\mcufinder/ => C:\Users\Josh\.stmcufinder\plugins\mcufinder
2026-04-13 22:21:56,185 [INFO] CrossReferenceDbSqlite:203 - Set database path to: C:\Users\Josh\.stmcufinder\plugins\mcufinder//mcu/cs/
2026-04-13 22:21:56,200 [INFO] ApplicationProperties:184 - Using Application install path: E:\STM32CubeIDE_1.19.0\STM32CubeIDE\plugins\com.st.stm32cube.common.mx_6.15.0.202507011659
2026-04-13 22:21:56,201 [INFO] PluginManage:196 - Search for loadable plugins [exclusion list=, ]
2026-04-13 22:21:56,202 [INFO] PluginManage:310 - Check plugin analytics
2026-04-13 22:21:56,363 [INFO] AnalyticsPlugin:253 - Accepted Software Licenses: 
2026-04-13 22:21:56,363 [INFO] AnalyticsPlugin:255 - Accepted CMSIS Pack Licenses: 
2026-04-13 22:21:56,363 [INFO] AnalyticsPlugin:257 - Accepted Firmware Licenses: FW.L4.1.18.0,FW.H7.1.12.0,FW.F4.1.28.0
2026-04-13 22:21:56,365 [INFO] PluginManage:359 - Loaded plugin analytics (category:tool,tabindex:-1)
2026-04-13 22:21:56,366 [INFO] PluginManage:310 - Check plugin cadmodel
2026-04-13 22:21:56,371 [INFO] CADModel:105 - Init CAD model plugin
2026-04-13 22:21:56,371 [INFO] PluginManage:359 - Loaded plugin cadmodel (category:power,tabindex:5)
2026-04-13 22:21:56,371 [INFO] PluginManage:310 - Check plugin clock
2026-04-13 22:21:56,381 [INFO] PluginManage:359 - Loaded plugin clock (category:base,tabindex:2)
2026-04-13 22:21:56,381 [INFO] PluginManage:310 - Check plugin ddr
2026-04-13 22:21:56,383 [INFO] PluginManage:359 - Loaded plugin ddr (category:tool,tabindex:6)
2026-04-13 22:21:56,383 [INFO] PluginManage:310 - Check plugin filemanager
2026-04-13 22:21:56,517 [INFO] PluginManage:359 - Loaded plugin filemanager (category:base,tabindex:10)
2026-04-13 22:21:56,517 [INFO] PluginManage:310 - Check plugin ipmanager
2026-04-13 22:21:56,523 [INFO] PluginManage:359 - Loaded plugin ipmanager (category:base,tabindex:5)
2026-04-13 22:21:56,523 [INFO] PluginManage:310 - Check plugin lpbam
2026-04-13 22:21:56,533 [INFO] PluginManage:359 - Loaded plugin lpbam (category:base,tabindex:0)
2026-04-13 22:21:56,533 [INFO] PluginManage:310 - Check plugin memorymap
2026-04-13 22:21:56,546 [INFO] PluginManage:359 - Loaded plugin memorymap (category:base,tabindex:4)
2026-04-13 22:21:56,546 [INFO] PluginManage:310 - Check plugin pinoutandconfiguration
2026-04-13 22:21:56,553 [INFO] PluginManage:359 - Loaded plugin pinoutandconfiguration (category:base,tabindex:1)
2026-04-13 22:21:56,554 [INFO] PluginManage:310 - Check plugin pinoutconfig
2026-04-13 22:21:56,629 [WARN] SupportedApi:132 - Cannot load RTOS API schema: s4s-elt-must-match.1: The content of 'definitions' must match (annotation?, (simpleType | complexType)?, (unique | key | keyref)*)). A problem was found starting at: attribute.
2026-04-13 22:21:56,739 [INFO] PluginManage:359 - Loaded plugin pinoutconfig (category:base,tabindex:0)
2026-04-13 22:21:56,739 [INFO] PluginManage:310 - Check plugin power
2026-04-13 22:21:56,747 [INFO] PluginManage:359 - Loaded plugin power (category:power,tabindex:4)
2026-04-13 22:21:56,747 [INFO] PluginManage:310 - Check plugin projectmanager
2026-04-13 22:21:56,759 [INFO] PluginManage:359 - Loaded plugin projectmanager (category:projectmanager,tabindex:4)
2026-04-13 22:21:56,759 [INFO] PluginManage:310 - Check plugin rif
2026-04-13 22:21:56,767 [INFO] PluginManage:359 - Loaded plugin rif (category:base,tabindex:3)
2026-04-13 22:21:56,767 [INFO] PluginManage:310 - Check plugin thirdparty
2026-04-13 22:21:56,882 [WARN] IntegrityCheckThread:84 - waiting for thirdparty lock release [integrity check]
2026-04-13 22:21:56,882 [INFO] PluginManage:359 - Loaded plugin thirdparty (category:base,tabindex:-1)
2026-04-13 22:21:56,882 [INFO] IntegrityCheckThread:86 - entering critical section [integrity check]
2026-04-13 22:21:56,882 [INFO] PluginManage:310 - Check plugin tools
2026-04-13 22:21:56,882 [INFO] ThirdPartyUpdaterWithRetryManager:70 - Updater plugin not ready yet. [1/15]
2026-04-13 22:21:56,884 [INFO] PluginManage:359 - Loaded plugin tools (category:base,tabindex:7)
2026-04-13 22:21:56,884 [INFO] PluginManage:310 - Check plugin tutovideos
2026-04-13 22:21:57,036 [INFO] PluginManage:359 - Loaded plugin tutovideos (category:base,tabindex:-1)
2026-04-13 22:21:57,036 [INFO] PluginManage:310 - Check plugin updater
2026-04-13 22:21:57,053 [INFO] PluginManage:359 - Loaded plugin updater (category:base,tabindex:12)
2026-04-13 22:21:57,053 [INFO] PluginManage:310 - Check plugin userauth
2026-04-13 22:21:57,056 [INFO] UserAuth:118 - Init User Auth plugin
2026-04-13 22:21:57,056 [INFO] PluginManage:359 - Loaded plugin userauth (category:base,tabindex:14)
2026-04-13 22:21:57,057 [INFO] PluginManage:283 - PluginManage : Loaded plugins [18]
2026-04-13 22:21:57,213 [INFO] PinOutPanel:1589 - setPackage(No Configuration,No Configuration)
2026-04-13 22:21:57,268 [INFO] CADModel:165 - CPN selected for project level
2026-04-13 22:21:57,268 [INFO] CADModel:114 - Register for checkConnection events
2026-04-13 22:21:57,280 [INFO] IPUIPlugin:80 - create IPUIPlugin
2026-04-13 22:21:57,280 [INFO] PluginManager:220 - loadIPPluginJar : add adc
2026-04-13 22:21:57,283 [INFO] IPUIPlugin:80 - create IPUIPlugin
2026-04-13 22:21:57,283 [INFO] PluginManager:220 - loadIPPluginJar : add aes
2026-04-13 22:21:57,285 [INFO] IPUIPlugin:80 - create IPUIPlugin
2026-04-13 22:21:57,285 [INFO] PluginManager:220 - loadIPPluginJar : add can
2026-04-13 22:21:57,285 [INFO] IPUIPlugin:80 - create IPUIPlugin
2026-04-13 22:21:57,285 [INFO] PluginManager:220 - loadIPPluginJar : add comp
2026-04-13 22:21:57,288 [INFO] IPUIPlugin:80 - create IPUIPlugin
2026-04-13 22:21:57,288 [INFO] PluginManager:220 - loadIPPluginJar : add cryp
2026-04-13 22:21:57,289 [INFO] IPUIPlugin:80 - create IPUIPlugin
2026-04-13 22:21:57,289 [INFO] PluginManager:220 - loadIPPluginJar : add ddr_ctrl_phy
2026-04-13 22:21:57,291 [INFO] IPUIPlugin:80 - create IPUIPlugin
2026-04-13 22:21:57,292 [INFO] PluginManager:220 - loadIPPluginJar : add dfsdm
2026-04-13 22:21:57,298 [INFO] IPUIPlugin:80 - create IPUIPlugin
2026-04-13 22:21:57,298 [INFO] PluginManager:220 - loadIPPluginJar : add dma
2026-04-13 22:21:57,300 [INFO] IPUIPlugin:80 - create IPUIPlugin
2026-04-13 22:21:57,300 [INFO] PluginManager:220 - loadIPPluginJar : add dma3
2026-04-13 22:21:57,302 [INFO] IPUIPlugin:80 - create IPUIPlugin
2026-04-13 22:21:57,302 [INFO] PluginManager:220 - loadIPPluginJar : add extmemmanager
2026-04-13 22:21:57,303 [INFO] IPUIPlugin:80 - create IPUIPlugin
2026-04-13 22:21:57,303 [INFO] PluginManager:220 - loadIPPluginJar : add fatfs
2026-04-13 22:21:57,306 [INFO] IPUIPlugin:80 - create IPUIPlugin
2026-04-13 22:21:57,306 [INFO] PluginManager:220 - loadIPPluginJar : add fmc
2026-04-13 22:21:57,312 [INFO] IPUIPlugin:80 - create IPUIPlugin
2026-04-13 22:21:57,312 [INFO] PluginManager:220 - loadIPPluginJar : add freertos
2026-04-13 22:21:57,314 [INFO] IPUIPlugin:80 - create IPUIPlugin
2026-04-13 22:21:57,314 [INFO] PluginManager:220 - loadIPPluginJar : add genericplugin
2026-04-13 22:21:57,315 [INFO] IPUIPlugin:80 - create IPUIPlugin
2026-04-13 22:21:57,315 [INFO] PluginManager:220 - loadIPPluginJar : add gfxmmu
2026-04-13 22:21:57,320 [INFO] IPUIPlugin:80 - create IPUIPlugin
2026-04-13 22:21:57,320 [INFO] PluginManager:220 - loadIPPluginJar : add gic
2026-04-13 22:21:57,325 [INFO] IPUIPlugin:80 - create IPUIPlugin
2026-04-13 22:21:57,325 [INFO] PluginManager:220 - loadIPPluginJar : add gpio
2026-04-13 22:21:57,327 [INFO] IPUIPlugin:80 - create IPUIPlugin
2026-04-13 22:21:57,327 [INFO] PluginManager:220 - loadIPPluginJar : add gtzc
2026-04-13 22:21:57,329 [INFO] IPUIPlugin:80 - create IPUIPlugin
2026-04-13 22:21:57,329 [INFO] PluginManager:220 - loadIPPluginJar : add hash
2026-04-13 22:21:57,332 [INFO] IPUIPlugin:80 - create IPUIPlugin
2026-04-13 22:21:57,332 [INFO] PluginManager:220 - loadIPPluginJar : add i2c
2026-04-13 22:21:57,334 [INFO] IPUIPlugin:80 - create IPUIPlugin
2026-04-13 22:21:57,334 [INFO] PluginManager:220 - loadIPPluginJar : add i2s
2026-04-13 22:21:57,336 [INFO] IPUIPlugin:80 - create IPUIPlugin
2026-04-13 22:21:57,336 [INFO] PluginManager:220 - loadIPPluginJar : add i3c
2026-04-13 22:21:57,338 [INFO] IPUIPlugin:80 - create IPUIPlugin
2026-04-13 22:21:57,338 [INFO] PluginManager:220 - loadIPPluginJar : add ipddr
2026-04-13 22:21:57,343 [INFO] IPUIPlugin:80 - create IPUIPlugin
2026-04-13 22:21:57,343 [INFO] PluginManager:220 - loadIPPluginJar : add linkedlist
2026-04-13 22:21:57,345 [INFO] IPUIPlugin:80 - create IPUIPlugin
2026-04-13 22:21:57,345 [INFO] PluginManager:220 - loadIPPluginJar : add lorawan
2026-04-13 22:21:57,347 [INFO] IPUIPlugin:80 - create IPUIPlugin
2026-04-13 22:21:57,347 [INFO] PluginManager:220 - loadIPPluginJar : add ltdc
2026-04-13 22:21:57,351 [INFO] IPUIPlugin:80 - create IPUIPlugin
2026-04-13 22:21:57,351 [INFO] PluginManager:220 - loadIPPluginJar : add mdma
2026-04-13 22:21:57,354 [INFO] IPUIPlugin:80 - create IPUIPlugin
2026-04-13 22:21:57,354 [INFO] PluginManager:220 - loadIPPluginJar : add nvic
2026-04-13 22:21:57,355 [INFO] IPUIPlugin:80 - create IPUIPlugin
2026-04-13 22:21:57,355 [INFO] PluginManager:220 - loadIPPluginJar : add opamp
2026-04-13 22:21:57,358 [INFO] IPUIPlugin:80 - create IPUIPlugin
2026-04-13 22:21:57,358 [INFO] PluginManager:220 - loadIPPluginJar : add openamp
2026-04-13 22:21:57,360 [INFO] IPUIPlugin:80 - create IPUIPlugin
2026-04-13 22:21:57,360 [INFO] PluginManager:220 - loadIPPluginJar : add pdm2pcm
2026-04-13 22:21:57,364 [INFO] IPUIPlugin:80 - create IPUIPlugin
2026-04-13 22:21:57,366 [INFO] PluginManager:220 - loadIPPluginJar : add plateformsettings
2026-04-13 22:21:57,367 [INFO] IPUIPlugin:80 - create IPUIPlugin
2026-04-13 22:21:57,367 [INFO] PluginManager:220 - loadIPPluginJar : add quadspi
2026-04-13 22:21:57,369 [INFO] IPUIPlugin:80 - create IPUIPlugin
2026-04-13 22:21:57,369 [INFO] PluginManager:220 - loadIPPluginJar : add radio
2026-04-13 22:21:57,372 [INFO] IPUIPlugin:80 - create IPUIPlugin
2026-04-13 22:21:57,372 [INFO] PluginManager:220 - loadIPPluginJar : add resmgrutility
2026-04-13 22:21:57,374 [INFO] IPUIPlugin:80 - create IPUIPlugin
2026-04-13 22:21:57,374 [INFO] PluginManager:220 - loadIPPluginJar : add sai
2026-04-13 22:21:57,376 [INFO] IPUIPlugin:80 - create IPUIPlugin
2026-04-13 22:21:57,376 [INFO] PluginManager:220 - loadIPPluginJar : add spi
2026-04-13 22:21:57,383 [INFO] IPUIPlugin:80 - create IPUIPlugin
2026-04-13 22:21:57,383 [INFO] PluginManager:220 - loadIPPluginJar : add stm32_wpan
2026-04-13 22:21:57,384 [INFO] IPUIPlugin:80 - create IPUIPlugin
2026-04-13 22:21:57,384 [INFO] PluginManager:220 - loadIPPluginJar : add tim
2026-04-13 22:21:57,387 [INFO] IPUIPlugin:80 - create IPUIPlugin
2026-04-13 22:21:57,387 [INFO] PluginManager:220 - loadIPPluginJar : add touchsensing
2026-04-13 22:21:57,389 [INFO] IPUIPlugin:80 - create IPUIPlugin
2026-04-13 22:21:57,389 [INFO] PluginManager:220 - loadIPPluginJar : add tracer_emb
2026-04-13 22:21:57,391 [INFO] IPUIPlugin:80 - create IPUIPlugin
2026-04-13 22:21:57,391 [INFO] PluginManager:220 - loadIPPluginJar : add ts
2026-04-13 22:21:57,392 [INFO] IPUIPlugin:80 - create IPUIPlugin
2026-04-13 22:21:57,393 [INFO] PluginManager:220 - loadIPPluginJar : add tsc
2026-04-13 22:21:57,394 [INFO] IPUIPlugin:80 - create IPUIPlugin
2026-04-13 22:21:57,394 [INFO] PluginManager:220 - loadIPPluginJar : add ucpd
2026-04-13 22:21:57,396 [INFO] IPUIPlugin:80 - create IPUIPlugin
2026-04-13 22:21:57,396 [INFO] PluginManager:220 - loadIPPluginJar : add usart
2026-04-13 22:21:57,398 [INFO] IPUIPlugin:80 - create IPUIPlugin
2026-04-13 22:21:57,399 [INFO] PluginManager:220 - loadIPPluginJar : add usbx
2026-04-13 22:21:57,511 [FATAL] Updater:351 - Updater called before beeing initialized
2026-04-13 22:21:57,534 [INFO] RulesReader:64 - Compatibility file has been processed (317 Rules)
2026-04-13 22:21:57,540 [INFO] RulesReader:64 - Compatibility file has been processed (317 Rules)
2026-04-13 22:21:57,545 [INFO] CADModel:165 - CPN selected for project level
2026-04-13 22:21:57,545 [INFO] CADModel:114 - Register for checkConnection events
2026-04-13 22:21:57,545 [FATAL] Updater:351 - Updater called before beeing initialized
2026-04-13 22:21:57,545 [ERROR] CADModel:125 - Updater not yet initialized, retry later 
2026-04-13 22:21:57,667 [FATAL] Updater:351 - Updater called before beeing initialized
2026-04-13 22:21:57,669 [INFO] CADModel:165 - CPN selected for project level
2026-04-13 22:21:57,669 [INFO] CADModel:114 - Register for checkConnection events
2026-04-13 22:21:57,669 [FATAL] Updater:351 - Updater called before beeing initialized
2026-04-13 22:21:57,669 [ERROR] CADModel:125 - Updater not yet initialized, retry later 
2026-04-13 22:21:57,672 [FATAL] Updater:351 - Updater called before beeing initialized
2026-04-13 22:21:57,772 [FATAL] Updater:351 - Updater called before beeing initialized
2026-04-13 22:21:57,774 [INFO] DbMcusAds:53 - JSON generation date=Fri Mar 06 01:32:52 AEDT 2026 (1772721172610)
2026-04-13 22:21:57,774 [FATAL] Updater:351 - Updater called before beeing initialized
2026-04-13 22:21:57,799 [WARN] DetailPanel:346 - Failed to get advertising image, set to default
2026-04-13 22:21:57,857 [FATAL] Updater:351 - Updater called before beeing initialized
2026-04-13 22:21:57,858 [FATAL] Updater:351 - Updater called before beeing initialized
2026-04-13 22:21:57,858 [FATAL] Updater:351 - Updater called before beeing initialized
2026-04-13 22:21:57,858 [WARN] DetailPanel:346 - Failed to get advertising image, set to default
2026-04-13 22:21:57,859 [FATAL] Updater:351 - Updater called before beeing initialized
2026-04-13 22:21:57,887 [ERROR] Updater:1198 - MainUpdater not yet initialized. External WinMGr cannot be set.
2026-04-13 22:21:57,889 [INFO] Updater:1134 - Updater Version found : 6.15.0
2026-04-13 22:21:57,901 [INFO] ApplicationProperties:184 - Using Application install path: E:\STM32CubeIDE_1.19.0\STM32CubeIDE\plugins\com.st.stm32cube.common.mx_6.15.0.202507011659
2026-04-13 22:21:58,131 [INFO] MainUpdater:2872 - connection check result : 10
2026-04-13 22:21:58,131 [INFO] MainUpdater:3604 - Updater definition file requires update
2026-04-13 22:21:58,131 [INFO] MainUpdater:289 - Updater Check For Update Now.
2026-04-13 22:21:58,131 [INFO] MicroXplorer:498 - Change Database Version : DB.6.0.150
2026-04-13 22:21:58,135 [INFO] McuFinderGlobals:63 - Set McuFinder mode to 2 (CubeIDE integrated)
2026-04-13 22:21:58,135 [INFO] UserAuth:487 - Internet connection configuration mode: 1
2026-04-13 22:21:58,147 [INFO] JxBrowserEngine:152 - Initiate JxBrowser Engine with user profile folder
2026-04-13 22:21:59,283 [INFO] WebApp:169 - Instantiating new browser for Auth
2026-04-13 22:21:59,860 [INFO] WebApp:463 - Apply proxy settings
2026-04-13 22:21:59,860 [INFO] WebApp:548 - Chromium requires no authentication
2026-04-13 22:21:59,868 [INFO] WebApp:491 - Direct internet connection detected
2026-04-13 22:21:59,883 [WARN] MainUpdater:1193 - Updater busy. Cannot search thirdparties
2026-04-13 22:21:59,883 [INFO] ThirdPartyUpdaterWithRetryManager:96 - Updater plugin is busy. [1/15]
2026-04-13 22:21:59,884 [INFO] WebApp:900 - Register for checkConnection events
2026-04-13 22:21:59,884 [INFO] WebApp:463 - Apply proxy settings
2026-04-13 22:21:59,884 [INFO] WebApp:548 - Chromium requires no authentication
2026-04-13 22:21:59,885 [INFO] WebApp:491 - Direct internet connection detected
2026-04-13 22:21:59,912 [INFO] ServerAccessManage:452 - Complete download http(s) 200
2026-04-13 22:21:59,913 [INFO] ServerAccessManage:509 - Download File updaters.zip
2026-04-13 22:22:00,021 [INFO] FileExtend:248 - Unzip File : updaters.zip
2026-04-13 22:22:00,021 [INFO] FileExtend:263 - Standard Zip Deflate
2026-04-13 22:22:00,023 [INFO] WebApp:225 - Starting web application
2026-04-13 22:22:00,023 [INFO] WebApp:593 - Web application path used E:\STM32CubeIDE_1.19.0\STM32CubeIDE\plugins\com.st.stm32cube.common.mx_6.15.0.202507011659\db\plugins\mcufinder\reactClient1\index.html
2026-04-13 22:22:00,163 [INFO] UserAuth:487 - Internet connection configuration mode: 1
2026-04-13 22:22:00,427 [INFO] WebApp:191 - Connection restablished
2026-04-13 22:22:01,178 [INFO] ServerAccessManage:452 - Complete download http(s) 200
2026-04-13 22:22:01,178 [INFO] ServerAccessManage:509 - Download File PacksControlFlags.xml
2026-04-13 22:22:02,130 [INFO] ServerAccessManage:452 - Complete download http(s) 200
2026-04-13 22:22:02,130 [INFO] ServerAccessManage:509 - Download File cubemx.pidx
2026-04-13 22:22:02,888 [WARN] MainUpdater:1193 - Updater busy. Cannot search thirdparties
2026-04-13 22:22:02,888 [INFO] ThirdPartyUpdaterWithRetryManager:96 - Updater plugin is busy. [2/15]
2026-04-13 22:22:03,179 [INFO] ServerAccessManage:452 - Complete download http(s) 200
2026-04-13 22:22:03,179 [INFO] ServerAccessManage:509 - Download File STMicroelectronics.X-CUBE-WB05N.pdsc
2026-04-13 22:22:04,316 [WARN] PackLoader:240 - Cannot read IP mode file for STMicroelectronics.X-CUBE-WB05N.2.1.0
2026-04-13 22:22:04,317 [INFO] PopulateThirdPartyThread:66 - Ending populate Thread
2026-04-13 22:22:04,318 [INFO] ThirdParty:1030 - CMSIS Pack Vendor :STMicroelectronics X-CUBE-WB05N 2.1.0
2026-04-13 22:22:04,318 [INFO] LoadServerUpdatesThread:375 - End of LoadServerUpdate Thread
2026-04-13 22:22:04,422 [INFO] CheckServerUpdateThread:120 - End of CheckServer Thread
2026-04-13 22:22:06,042 [WARN] PackLoader:240 - Cannot read IP mode file for STMicroelectronics.X-CUBE-AZRTOS-H7.3.5.0
2026-04-13 22:22:06,049 [WARN] PackLoader:240 - Cannot read IP mode file for STMicroelectronics.FP-SNS-MOTENVWB1.1.4.0
2026-04-13 22:22:06,052 [WARN] PackLoader:240 - Cannot read IP mode file for STMicroelectronics.FP-ATR-ASTRA1.2.0.2
2026-04-13 22:22:06,059 [WARN] PackLoader:240 - Cannot read IP mode file for STMicroelectronics.X-CUBE-SMBUS.2.1.0
2026-04-13 22:22:06,062 [WARN] PackLoader:240 - Cannot read IP mode file for STMicroelectronics.X-CUBE-ST60.1.0.0
2026-04-13 22:22:06,073 [WARN] PackLoader:240 - Cannot read IP mode file for STMicroelectronics.X-CUBE-AZRTOS-F7.1.1.0
2026-04-13 22:22:06,079 [WARN] PackLoader:240 - Cannot read IP mode file for STMicroelectronics.FP-SNS-MOTENV1.5.1.0
2026-04-13 22:22:06,091 [WARN] PackLoader:240 - Cannot read IP mode file for Infineon.AIROC-Wi-Fi-Bluetooth-STM32.1.7.1
2026-04-13 22:22:06,107 [WARN] PackLoader:240 - Cannot read IP mode file for STMicroelectronics.X-CUBE-AZRTOS-H7.3.4.0
2026-04-13 22:22:06,112 [WARN] PackLoader:240 - Cannot read IP mode file for STMicroelectronics.X-CUBE-DISPLAY.3.0.0
2026-04-13 22:22:06,117 [WARN] PackLoader:240 - Cannot read IP mode file for STMicroelectronics.FP-SNS-MOTENVWB1.1.5.0
2026-04-13 22:22:06,121 [WARN] PackLoader:240 - Cannot read IP mode file for STMicroelectronics.X-CUBE-NFC10.1.0.0
2026-04-13 22:22:06,127 [WARN] PackLoader:240 - Cannot read IP mode file for STMicroelectronics.X-CUBE-BLEMGR.4.0.0
2026-04-13 22:22:06,132 [WARN] PackLoader:240 - Cannot read IP mode file for emotas.I-CUBE-CANOPEN.1.3.0
2026-04-13 22:22:06,137 [WARN] PackLoader:240 - Cannot read IP mode file for STMicroelectronics.X-CUBE-GNSS1.7.1.0
2026-04-13 22:22:06,140 [WARN] ConditionMgr:438 - getConditionDescription Invalid condition id : Cortex-A Device cause : null
2026-04-13 22:22:06,146 [WARN] ConditionMgr:1044 - genDependencies : Invalid condition id : Cortex-A Device cause : null
2026-04-13 22:22:06,146 [WARN] ConditionMgr:1044 - genDependencies : Invalid condition id : Cortex-A Device cause : null
2026-04-13 22:22:06,146 [WARN] ConditionMgr:1044 - genDependencies : Invalid condition id : Cortex-A Device cause : null
2026-04-13 22:22:06,150 [WARN] PackLoader:240 - Cannot read IP mode file for STMicroelectronics.FP-SNS-STBOX1.2.1.0
2026-04-13 22:22:06,155 [WARN] PackLoader:240 - Cannot read IP mode file for STMicroelectronics.FP-SNS-SMARTAG2.1.2.0
2026-04-13 22:22:06,159 [WARN] PackLoader:240 - Cannot read IP mode file for STMicroelectronics.FP-SNS-FLIGHT1.5.1.0
2026-04-13 22:22:06,165 [INFO] LogOutputStream:77 - [STDOUT_REDIRECT] 1 : Invalid condition id : UX_CORESTACK_Condition cause : null
2026-04-13 22:22:06,166 [INFO] LogOutputStream:77 - [STDOUT_REDIRECT] 1 : Invalid condition id : UX_CORESTACK_Condition cause : null
2026-04-13 22:22:06,166 [INFO] LogOutputStream:77 - [STDOUT_REDIRECT] 1 : Invalid condition id : UX_CORESTACK_Condition cause : null
2026-04-13 22:22:06,167 [INFO] LogOutputStream:77 - [STDOUT_REDIRECT] 1 : Invalid condition id : UX_CORESTACK_Condition cause : null
2026-04-13 22:22:06,167 [INFO] LogOutputStream:77 - [STDOUT_REDIRECT] 1 : Invalid condition id : UX_CORESTACK_Condition cause : null
2026-04-13 22:22:06,169 [WARN] PackLoader:240 - Cannot read IP mode file for STMicroelectronics.X-CUBE-AZRTOS-WL.2.0.0
2026-04-13 22:22:06,172 [WARN] PackLoader:240 - Cannot read IP mode file for STMicroelectronics.FP-SNS-MOTENV1.5.0.0
2026-04-13 22:22:06,182 [WARN] PackLoader:240 - Cannot read IP mode file for STMicroelectronics.X-CUBE-AZRTOS-H7RS.1.2.0
2026-04-13 22:22:06,188 [WARN] PackLoader:240 - Cannot read IP mode file for WES.I-CUBE-Cesium.1.3.0
2026-04-13 22:22:06,190 [WARN] PackLoader:240 - Cannot read IP mode file for STMicroelectronics.X-CUBE-BLE2.3.3.0
2026-04-13 22:22:06,199 [WARN] PackLoader:240 - Cannot read IP mode file for STMicroelectronics.X-CUBE-NFC9.1.0.0
2026-04-13 22:22:06,202 [WARN] PackLoader:240 - Cannot read IP mode file for wolfSSL.I-CUBE-wolfSSL.5.8.0
2026-04-13 22:22:06,205 [WARN] PackLoader:240 - Cannot read IP mode file for STMicroelectronics.X-CUBE-BLE1.7.1.0
2026-04-13 22:22:06,207 [WARN] PackLoader:240 - Cannot read IP mode file for wolfSSL.I-CUBE-wolfMQTT.1.19.2
2026-04-13 22:22:06,210 [WARN] PackLoader:240 - Cannot read IP mode file for STMicroelectronics.X-CUBE-FREERTOS.1.4.0
2026-04-13 22:22:06,214 [WARN] PackLoader:240 - Cannot read IP mode file for STMicroelectronics.X-CUBE-EEPRMA1.5.2.0
2026-04-13 22:22:06,218 [WARN] PackLoader:240 - Cannot read IP mode file for STMicroelectronics.X-CUBE-AI.10.1.0
2026-04-13 22:22:06,240 [WARN] PackLoader:240 - Cannot read IP mode file for STMicroelectronics.X-CUBE-MEMS1.12.0.0
2026-04-13 22:22:06,286 [WARN] PackLoader:240 - Cannot read IP mode file for STMicroelectronics.X-CUBE-AZRTOS-G0.1.1.0
2026-04-13 22:22:06,290 [WARN] PackLoader:240 - Cannot read IP mode file for STMicroelectronics.X-CUBE-SAFEA1.1.2.2
2026-04-13 22:22:06,294 [WARN] PackLoader:240 - Cannot read IP mode file for STMicroelectronics.X-CUBE-NFC4.3.0.0
2026-04-13 22:22:06,301 [WARN] PackLoader:240 - Cannot read IP mode file for EmbeddedOffice.I-CUBE-FS-RTOS.1.0.1
2026-04-13 22:22:06,305 [WARN] PackLoader:240 - Cannot read IP mode file for STMicroelectronics.X-CUBE-WB05N.2.0.0
2026-04-13 22:22:06,308 [WARN] PackLoader:240 - Cannot read IP mode file for wolfSSL.I-CUBE-wolfTPM.3.8.0
2026-04-13 22:22:06,311 [WARN] PackLoader:240 - Cannot read IP mode file for STMicroelectronics.X-CUBE-TCPP.4.2.0
2026-04-13 22:22:06,314 [WARN] PackLoader:240 - Cannot read IP mode file for RealThread.X-CUBE-RT-Thread_Nano.4.1.1
2026-04-13 22:22:06,316 [WARN] PackLoader:240 - Cannot read IP mode file for STMicroelectronics.FP-ATR-SIGFOX1.3.2.0
2026-04-13 22:22:06,319 [WARN] PackLoader:240 - Cannot read IP mode file for STMicroelectronics.X-CUBE-EEPRMA1.5.1.0
2026-04-13 22:22:06,322 [WARN] PackLoader:240 - Cannot read IP mode file for STMicroelectronics.X-CUBE-FREERTOS.1.5.0
2026-04-13 22:22:06,325 [WARN] PackLoader:240 - Cannot read IP mode file for ITTIA_DB.I-CUBE-ITTIADB.8.9.0
2026-04-13 22:22:06,329 [WARN] PackLoader:240 - Cannot read IP mode file for STMicroelectronics.X-CUBE-NFC6.3.2.0
2026-04-13 22:22:06,333 [WARN] PackLoader:240 - Cannot read IP mode file for STMicroelectronics.X-CUBE-ST67W61.1.0.0
2026-04-13 22:22:06,335 [WARN] PackLoader:240 - Cannot read IP mode file for STMicroelectronics.X-CUBE-AI.10.2.0
2026-04-13 22:22:06,347 [WARN] PackLoader:240 - Cannot read IP mode file for SEGGER.I-CUBE-embOS.1.3.1
2026-04-13 22:22:06,364 [WARN] PackLoader:240 - Cannot read IP mode file for STMicroelectronics.X-CUBE-ALGOBUILD.1.4.0
2026-04-13 22:22:06,381 [WARN] PackLoader:240 - Cannot read IP mode file for STMicroelectronics.X-CUBE-MEMS1.11.3.0
2026-04-13 22:22:06,432 [WARN] PackLoader:240 - Cannot read IP mode file for STMicroelectronics.X-CUBE-PM33A1.1.0.0
2026-04-13 22:22:06,439 [WARN] PackLoader:240 - Cannot read IP mode file for STMicroelectronics.X-CUBE-AZRTOS-F4.1.1.0
2026-04-13 22:22:06,442 [WARN] PackLoader:240 - Cannot read IP mode file for Avnet-IotConnect.X-CUBE-IoTC-DA16k-PMOD.1.0.0
2026-04-13 22:22:06,444 [WARN] PackLoader:240 - Cannot read IP mode file for STMicroelectronics.X-CUBE-ISPU.2.1.0
2026-04-13 22:22:06,448 [WARN] PackLoader:240 - Cannot read IP mode file for STMicroelectronics.eDS-WB_DPC_TT-BIDIR.2.1.1
2026-04-13 22:22:06,451 [WARN] PackLoader:240 - Cannot read IP mode file for STMicroelectronics.X-CUBE-NFC12.1.0.0
2026-04-13 22:22:06,457 [WARN] PackLoader:240 - Cannot read IP mode file for STMicroelectronics.X-CUBE-AZRTOS-L5.2.0.0
2026-04-13 22:22:06,462 [WARN] PackLoader:240 - Cannot read IP mode file for STMicroelectronics.X-CUBE-NFC6.3.1.0
2026-04-13 22:22:06,465 [WARN] PackLoader:240 - Cannot read IP mode file for STMicroelectronics.eDS-WB_DPC_VIENNA.1.2.0
2026-04-13 22:22:06,468 [WARN] PackLoader:240 - Cannot read IP mode file for STMicroelectronics.eDS-WB_DPC_3PH2L-BIDIR.1.1.1
2026-04-13 22:22:06,471 [WARN] PackLoader:240 - Cannot read IP mode file for STMicroelectronics.X-CUBE-FREERTOS.1.3.1
2026-04-13 22:22:06,474 [WARN] PackLoader:240 - Cannot read IP mode file for STMicroelectronics.X-CUBE-TOUCHGFX.4.26.0
2026-04-13 22:22:06,476 [WARN] PackLoader:240 - Cannot read IP mode file for STMicroelectronics.X-CUBE-TOUCHGFX.4.26.1
2026-04-13 22:22:06,478 [WARN] PackLoader:240 - Cannot read IP mode file for STMicroelectronics.FP-SNS-STAIOTCFT.1.0.0
2026-04-13 22:22:06,481 [WARN] PackLoader:240 - Cannot read IP mode file for STMicroelectronics.X-CUBE-DPower.1.3.0
2026-04-13 22:22:06,489 [WARN] ConditionMgr:438 - getConditionDescription Invalid condition id : LAN8742 Phy interface Condition cause : null
2026-04-13 22:22:06,489 [WARN] PackLoader:240 - Cannot read IP mode file for STMicroelectronics.X-CUBE-AZRTOS-L4.2.0.0
2026-04-13 22:22:06,490 [WARN] ConditionMgr:1044 - genDependencies : Invalid condition id : LAN8742 Phy interface Condition cause : null
2026-04-13 22:22:06,490 [WARN] ConditionMgr:1044 - genDependencies : Invalid condition id : LAN8742 Phy interface Condition cause : null
2026-04-13 22:22:06,490 [WARN] ConditionMgr:1044 - genDependencies : Invalid condition id : LAN8742 Phy interface Condition cause : null
2026-04-13 22:22:06,494 [WARN] PackLoader:240 - Cannot read IP mode file for STMicroelectronics.X-CUBE-SFXS2LP1.4.0.0
2026-04-13 22:22:06,496 [WARN] PackLoader:240 - Cannot read IP mode file for STMicroelectronics.X-CUBE-WB05N.2.1.0
2026-04-13 22:22:06,501 [WARN] PackLoader:240 - Cannot read IP mode file for STMicroelectronics.X-CUBE-ST67W61.1.2.0
2026-04-13 22:22:06,506 [WARN] PackLoader:240 - Cannot read IP mode file for STMicroelectronics.X-CUBE-BLEMGR.4.1.0
2026-04-13 22:22:06,513 [WARN] ConditionMgr:438 - getConditionDescription Invalid condition id : UX DEVICE CLASS RTOS Condition cause : null
2026-04-13 22:22:06,513 [WARN] ConditionMgr:438 - getConditionDescription Invalid condition id : UX DEVICE CLASS RTOS Condition cause : null
2026-04-13 22:22:06,514 [WARN] PackLoader:240 - Cannot read IP mode file for STMicroelectronics.X-CUBE-AZRTOS-WB.2.0.0
2026-04-13 22:22:06,514 [WARN] ConditionMgr:1044 - genDependencies : Invalid condition id : UX DEVICE CLASS RTOS Condition cause : null
2026-04-13 22:22:06,515 [WARN] ConditionMgr:1044 - genDependencies : Invalid condition id : UX DEVICE CLASS RTOS Condition cause : null
2026-04-13 22:22:06,515 [WARN] ConditionMgr:1044 - genDependencies : Invalid condition id : UX DEVICE CLASS RTOS Condition cause : null
2026-04-13 22:22:06,515 [WARN] ConditionMgr:1044 - genDependencies : Invalid condition id : UX DEVICE CLASS RTOS Condition cause : null
2026-04-13 22:22:06,515 [WARN] ConditionMgr:1044 - genDependencies : Invalid condition id : UX DEVICE CLASS RTOS Condition cause : null
2026-04-13 22:22:06,519 [WARN] PackLoader:240 - Cannot read IP mode file for STMicroelectronics.X-CUBE-GNSS1.7.0.1
2026-04-13 22:22:06,521 [WARN] PackLoader:240 - Cannot read IP mode file for STMicroelectronics.X-CUBE-TOUCHGFX.4.25.0
2026-04-13 22:22:06,523 [WARN] PackLoader:240 - Cannot read IP mode file for STMicroelectronics.FP-SNS-STBOX1.2.0.0
2026-04-13 22:22:06,527 [WARN] PackLoader:240 - Cannot read IP mode file for STMicroelectronics.X-CUBE-STSE01.2.0.0
2026-04-13 22:22:06,533 [WARN] PackLoader:240 - Cannot read IP mode file for STMicroelectronics.X-CUBE-SUBG2.5.0.0
2026-04-13 22:22:06,543 [WARN] PackLoader:240 - Cannot read IP mode file for STMicroelectronics.X-CUBE-AZRTOS-H7RS.1.1.0
2026-04-13 22:22:06,547 [WARN] PackLoader:240 - Cannot read IP mode file for Cesanta.I-CUBE-Mongoose.7.13.0
2026-04-13 22:22:06,552 [WARN] PackLoader:240 - Cannot read IP mode file for STMicroelectronics.X-CUBE-AZRTOS-G4.2.0.0
2026-04-13 22:22:06,555 [WARN] PackLoader:240 - Cannot read IP mode file for wolfSSL.I-CUBE-wolfSSH.1.4.20
2026-04-13 22:22:06,558 [WARN] PackLoader:240 - Cannot read IP mode file for STMicroelectronics.X-CUBE-NFC7.2.0.0
2026-04-13 22:22:06,564 [WARN] PackLoader:240 - Cannot read IP mode file for STMicroelectronics.X-CUBE-IPS.3.1.0
2026-04-13 22:22:06,569 [WARN] PackLoader:240 - Cannot read IP mode file for STMicroelectronics.X-CUBE-ALS.1.0.2
2026-04-13 22:22:06,571 [WARN] PackLoader:240 - Cannot read IP mode file for STMicroelectronics.X-CUBE-STSE01.1.0.0
2026-04-13 22:22:06,575 [WARN] PackLoader:240 - Cannot read IP mode file for portGmbH.I-Cube-SoM-uGOAL.1.1.0
2026-04-13 22:22:06,581 [WARN] PackLoader:240 - Cannot read IP mode file for STMicroelectronics.X-CUBE-TOF1.3.4.3
2026-04-13 22:22:06,589 [INFO] ThirdParty:978 - Integrity check success = true
2026-04-13 22:22:06,589 [INFO] IntegrityCheckThread:100 - exiting critical section [integrity check]
2026-04-13 22:22:06,589 [INFO] IntegrityCheckThread:103 - End integrity checks thread
2026-04-13 22:22:19,176 [ERROR] LogOutputStream:75 - [STDERR_REDIRECT] 
