2026-04-12 12:31:53,608 [INFO] WebApp:194 - Connection lost
2026-04-12 12:31:54,309 [INFO] WebApp:191 - Connection restablished
2026-04-12 12:31:57,822 [INFO] WebApp:194 - Connection lost
2026-04-12 12:31:58,092 [INFO] WebApp:191 - Connection restablished
2026-04-12 23:03:28,940 [INFO] UtilMem:75 - End SaveConfig() Used Memory: 870366328 Bytes (1073741824)
2026-04-12 23:03:29,782 [INFO] UtilMem:75 - End SaveConfig() Used Memory: 905945704 Bytes (1073741824)
2026-04-12 23:03:30,020 [INFO] UtilMem:75 - End SaveConfig() Used Memory: 811261744 Bytes (1073741824)
2026-04-12 23:03:30,285 [INFO] ProjectBuilder:2380 - IP not ready for code generation: Clock
2026-04-12 23:03:32,903 [INFO] BlockDiagram:2775 - set Specific Code input for plugin: RCC
2026-04-12 23:03:32,903 [INFO] BlockDiagram:2775 - set Specific Code input for plugin: USART
2026-04-12 23:03:32,903 [INFO] BlockDiagram:2775 - set Specific Code input for plugin: MEMORYMAP
2026-04-12 23:03:32,903 [INFO] BlockDiagram:2775 - set Specific Code input for plugin: SYS
2026-04-12 23:03:32,903 [INFO] BlockDiagram:2775 - set Specific Code input for plugin: NVIC
2026-04-12 23:03:32,903 [INFO] BlockDiagram:2775 - set Specific Code input for plugin: CORTEX_M7
2026-04-12 23:03:32,905 [INFO] BlockDiagram:2775 - set Specific Code input for plugin: DEBUG
2026-04-12 23:03:32,905 [INFO] BlockDiagram:2775 - set Specific Code input for plugin: GPIO
2026-04-12 23:03:32,906 [INFO] CodeGenerator:892 - code generatio: config db path: E:\STM32CubeIDE_1.19.0\STM32CubeIDE\plugins\com.st.stm32cube.common.mx_6.15.0.202507011659\\db\
2026-04-12 23:03:32,985 [INFO] CodeEngine:265 - oldGeneratedFile, E:\altium_projects\stm_projects\h723_pin_selection\MXTmpFiles\license.tmp_save
2026-04-12 23:03:33,132 [INFO] CodeEngine:289 - Generated code: E:\altium_projects\stm_projects\h723_pin_selection\MXTmpFiles\license.tmp
2026-04-12 23:03:33,167 [INFO] CodeEngine:265 - oldGeneratedFile, E:\altium_projects\stm_projects\h723_pin_selection\MXTmpFiles\gpio.tmp_save
2026-04-12 23:03:33,239 [INFO] CodeEngine:289 - Generated code: E:\altium_projects\stm_projects\h723_pin_selection\MXTmpFiles\gpio.tmp
2026-04-12 23:03:33,256 [WARN] IPConfigManager:103 - WARNING: Missing Config File for DEBUG ip!!
2026-04-12 23:03:33,315 [WARN] IPConfigManager:103 - WARNING: Missing Config File for MEMORYMAP ip!!
2026-04-12 23:03:33,460 [INFO] CodeEngine:265 - oldGeneratedFile, E:\altium_projects\stm_projects\h723_pin_selection\MXTmpFiles\cortex.tmp_save
2026-04-12 23:03:33,530 [INFO] CodeEngine:289 - Generated code: E:\altium_projects\stm_projects\h723_pin_selection\MXTmpFiles\cortex.tmp
2026-04-12 23:03:33,542 [INFO] CodeEngine:265 - oldGeneratedFile, E:\altium_projects\stm_projects\h723_pin_selection\Core\Src\stm32h7xx_it.c_save
2026-04-12 23:03:33,733 [INFO] CodeEngine:289 - Generated code: E:\altium_projects\stm_projects\h723_pin_selection\Core\Src\stm32h7xx_it.c
2026-04-12 23:03:33,738 [INFO] CodeEngine:265 - oldGeneratedFile, E:\altium_projects\stm_projects\h723_pin_selection\Core\Inc\stm32h7xx_it.h_save
2026-04-12 23:03:33,778 [INFO] CodeEngine:289 - Generated code: E:\altium_projects\stm_projects\h723_pin_selection\Core\Inc\stm32h7xx_it.h
2026-04-12 23:03:33,805 [INFO] CodeEngine:265 - oldGeneratedFile, E:\altium_projects\stm_projects\h723_pin_selection\Core\Src\stm32h7xx_hal_msp.c_save
2026-04-12 23:03:33,878 [INFO] CodeEngine:289 - Generated code: E:\altium_projects\stm_projects\h723_pin_selection\Core\Src\stm32h7xx_hal_msp.c
2026-04-12 23:03:33,883 [INFO] CodeEngine:265 - oldGeneratedFile, E:\altium_projects\stm_projects\h723_pin_selection\MXTmpFiles\system.tmp_save
2026-04-12 23:03:33,919 [INFO] CodeEngine:289 - Generated code: E:\altium_projects\stm_projects\h723_pin_selection\MXTmpFiles\system.tmp
2026-04-12 23:03:33,927 [INFO] CodeEngine:321 - oldGeneratedFile, E:\altium_projects\stm_projects\h723_pin_selection\Core\Inc\stm32h7xx_hal_conf.h_save
2026-04-12 23:03:33,969 [INFO] CodeEngine:345 - Generated code: E:\altium_projects\stm_projects\h723_pin_selection\Core\Inc\stm32h7xx_hal_conf.h
2026-04-12 23:03:34,055 [INFO] ApiDbMcu:532 - Load IP Config File for USART1
2026-04-12 23:03:34,062 [INFO] CodeEngine:265 - oldGeneratedFile, E:\altium_projects\stm_projects\h723_pin_selection\Core\Inc\main.h_save
2026-04-12 23:03:34,134 [INFO] CodeEngine:289 - Generated code: E:\altium_projects\stm_projects\h723_pin_selection\Core\Inc\main.h
2026-04-12 23:03:34,138 [INFO] CodeEngine:265 - oldGeneratedFile, E:\altium_projects\stm_projects\h723_pin_selection\Core\Src\main.c_save
2026-04-12 23:03:34,206 [INFO] CodeEngine:289 - Generated code: E:\altium_projects\stm_projects\h723_pin_selection\Core\Src\main.c
2026-04-12 23:03:34,507 [INFO] ProjectBuilder:3606 - Time for Copy HAL[1] : 180mS.
2026-04-12 23:03:34,510 [INFO] ProjectBuilder:5216 - Project Generator version: 4.7.0-B52
2026-04-12 23:03:34,570 [INFO] ConfigFileManager:1595 - The Die is : DIE483
2026-04-12 23:03:35,190 [INFO] ProjectBuilder:5496 - Time for Generating toolchain IDE Files: 679mS.
2026-04-12 23:03:35,190 [INFO] ProjectBuilder:3463 - Time for Copy CMSIS : 0mS.
2026-04-12 23:03:35,192 [INFO] ProjectBuilder:3463 - Time for Copy CMSIS : 0mS.
