15:07:56 **** Incremental Build of configuration Debug for project steppe_school_custom_bootloader_l432kc_application ****
make -j12 all 
arm-none-eabi-size  steppe_school_custom_bootloader_l432kc_application.elf 
   text	   data	    bss	    dec	    hex	filename
  11404	     12	   1708	  13124	   3344	steppe_school_custom_bootloader_l432kc_application.elf
Finished building: default.size.stdout
 
15:11:36 **** Incremental Build of configuration Debug for project L432test ****
make -j12 all 
arm-none-eabi-size  L432test.elf 
   text	   data	    bss	    dec	    hex	filename
  11308	     12	   1708	  13028	   32e4	L432test.elf
Finished building: default.size.stdout
 
15:11:36 **** Incremental Build of configuration Debug for project figuring_out_display h723 ****
make -j12 all 
arm-none-eabi-size  figuring_out_display\ h723.elf 
   text	   data	    bss	    dec	    hex	filename
   6504	     16	   1568	   8088	   1f98	figuring_out_display h723.elf
Finished building: default.size.stdout
 
15:11:38 **** Incremental Build of configuration Debug for project h723_pin_selection ****
make -j12 all 
arm-none-eabi-size  h723_pin_selection.elf 
   text	   data	    bss	    dec	    hex	filename
  27736	     16	   3064	  30816	   7860	h723_pin_selection.elf
Finished building: default.size.stdout
 
15:11:39 **** Incremental Build of configuration Debug for project h750_pin_selection ****
make -j12 all 
arm-none-eabi-size  h750_pin_selection.elf 
   text	   data	    bss	    dec	    hex	filename
  33040	     16	   1920	  34976	   88a0	h750_pin_selection.elf
Finished building: default.size.stdout
 
15:11:39 **** Incremental Build of configuration Debug for project steppe_school_custom_bootloader_l432kc_application ****
make -j12 all 
arm-none-eabi-size  steppe_school_custom_bootloader_l432kc_application.elf 
   text	   data	    bss	    dec	    hex	filename
  11404	     12	   1708	  13124	   3344	steppe_school_custom_bootloader_l432kc_application.elf
Finished building: default.size.stdout
 
15:11:39 **** Incremental Build of configuration Debug for project steppe_school_custom_bootloader_l432kc_bootloader ****
make -j12 all 
arm-none-eabi-gcc "../Core/Src/serial_port.c" -mcpu=cortex-m4 -std=gnu11 -g3 -DDEBUG -DUSE_HAL_DRIVER -DSTM32L432xx -c -I../Core/Inc -I../Drivers/STM32L4xx_HAL_Driver/Inc -I../Drivers/STM32L4xx_HAL_Driver/Inc/Legacy -I../Drivers/CMSIS/Device/ST/STM32L4xx/Include -I../Drivers/CMSIS/Include -O0 -ffunction-sections -fdata-sections -Wall -fstack-usage -fcyclomatic-complexity -MMD -MP -MF"Core/Src/serial_port.d" -MT"Core/Src/serial_port.o" --specs=nano.specs -mfpu=fpv4-sp-d16 -mfloat-abi=hard -mthumb -o "Core/Src/serial_port.o"
arm-none-eabi-gcc -o "steppe_school_custom_bootloader_l432kc_bootloader.elf" @"objects.list"   -mcpu=cortex-m4 -T"E:\altium_projects\stm_projects\steppe_school_custom_bootloader_l432kc_bootloader\STM32L432KCUX_FLASH.ld" --specs=nosys.specs -Wl,-Map="steppe_school_custom_bootloader_l432kc_bootloader.map" -Wl,--gc-sections -static --specs=nano.specs -mfpu=fpv4-sp-d16 -mfloat-abi=hard -mthumb -Wl,--start-group -lc -lm -Wl,--end-group
Finished building target: steppe_school_custom_bootloader_l432kc_bootloader.elf
 
arm-none-eabi-size  steppe_school_custom_bootloader_l432kc_bootloader.elf 
arm-none-eabi-objdump -h -S steppe_school_custom_bootloader_l432kc_bootloader.elf  > "steppe_school_custom_bootloader_l432kc_bootloader.list"
   text	   data	    bss	    dec	    hex	filename
  23416	    136	   2776	  26328	   66d8	steppe_school_custom_bootloader_l432kc_bootloader.elf
Finished building: default.size.stdout
 
Finished building: steppe_school_custom_bootloader_l432kc_bootloader.list
 
15:11:40 **** Incremental Build of configuration Debug for project stm32WorldH7bootloader ****
make -j12 all 
arm-none-eabi-size  stm32WorldH7bootloader.elf 
   text	   data	    bss	    dec	    hex	filename
  29180	    320	   5864	  35364	   8a24	stm32WorldH7bootloader.elf
Finished building: default.size.stdout
 
15:11:40 **** Incremental Build of configuration Debug for project stm32WorldH7bootloader_application ****
make -j12 all 
arm-none-eabi-size  stm32WorldH7bootloader_application.elf 
   text	   data	    bss	    dec	    hex	filename
  35996	    260	   8708	  44964	   afa4	stm32WorldH7bootloader_application.elf
Finished building: default.size.stdout
 
15:11:41 **** Incremental Build of configuration Debug for project yeah ****
make -j12 all 
arm-none-eabi-size  yeah.elf 
   text	   data	    bss	    dec	    hex	filename
  11196	     12	   1708	  12916	   3274	yeah.elf
Finished building: default.size.stdout
 
15:11:42 **** Incremental Build of configuration Debug for project steppe_school_custom_bootloader_l432kc_bootloader ****
make -j12 all 
arm-none-eabi-size  steppe_school_custom_bootloader_l432kc_bootloader.elf 
   text	   data	    bss	    dec	    hex	filename
  23416	    136	   2776	  26328	   66d8	steppe_school_custom_bootloader_l432kc_bootloader.elf
Finished building: default.size.stdout
 
15:18:47 **** Incremental Build of configuration Debug for project L432test ****
make -j12 all 
arm-none-eabi-size  L432test.elf 
   text	   data	    bss	    dec	    hex	filename
  11308	     12	   1708	  13028	   32e4	L432test.elf
Finished building: default.size.stdout
 
15:18:48 **** Incremental Build of configuration Debug for project figuring_out_display h723 ****
make -j12 all 
arm-none-eabi-size  figuring_out_display\ h723.elf 
   text	   data	    bss	    dec	    hex	filename
   6504	     16	   1568	   8088	   1f98	figuring_out_display h723.elf
Finished building: default.size.stdout
 
15:18:49 **** Incremental Build of configuration Debug for project h723_pin_selection ****
make -j12 all 
arm-none-eabi-size  h723_pin_selection.elf 
   text	   data	    bss	    dec	    hex	filename
  27736	     16	   3064	  30816	   7860	h723_pin_selection.elf
Finished building: default.size.stdout
 
15:18:49 **** Incremental Build of configuration Debug for project h750_pin_selection ****
make -j12 all 
arm-none-eabi-size  h750_pin_selection.elf 
   text	   data	    bss	    dec	    hex	filename
  33040	     16	   1920	  34976	   88a0	h750_pin_selection.elf
Finished building: default.size.stdout
 
15:18:50 **** Incremental Build of configuration Debug for project steppe_school_custom_bootloader_l432kc_application ****
make -j12 all 
arm-none-eabi-size  steppe_school_custom_bootloader_l432kc_application.elf 
   text	   data	    bss	    dec	    hex	filename
  11404	     12	   1708	  13124	   3344	steppe_school_custom_bootloader_l432kc_application.elf
Finished building: default.size.stdout
 
15:18:50 **** Incremental Build of configuration Debug for project steppe_school_custom_bootloader_l432kc_bootloader ****
make -j12 all 
arm-none-eabi-gcc "../Core/Src/main.c" -mcpu=cortex-m4 -std=gnu11 -g3 -DDEBUG -DUSE_HAL_DRIVER -DSTM32L432xx -c -I../Core/Inc -I../Drivers/STM32L4xx_HAL_Driver/Inc -I../Drivers/STM32L4xx_HAL_Driver/Inc/Legacy -I../Drivers/CMSIS/Device/ST/STM32L4xx/Include -I../Drivers/CMSIS/Include -O0 -ffunction-sections -fdata-sections -Wall -fstack-usage -fcyclomatic-complexity -MMD -MP -MF"Core/Src/main.d" -MT"Core/Src/main.o" --specs=nano.specs -mfpu=fpv4-sp-d16 -mfloat-abi=hard -mthumb -o "Core/Src/main.o"
arm-none-eabi-gcc -o "steppe_school_custom_bootloader_l432kc_bootloader.elf" @"objects.list"   -mcpu=cortex-m4 -T"E:\altium_projects\stm_projects\steppe_school_custom_bootloader_l432kc_bootloader\STM32L432KCUX_FLASH.ld" --specs=nosys.specs -Wl,-Map="steppe_school_custom_bootloader_l432kc_bootloader.map" -Wl,--gc-sections -static --specs=nano.specs -mfpu=fpv4-sp-d16 -mfloat-abi=hard -mthumb -Wl,--start-group -lc -lm -Wl,--end-group
Finished building target: steppe_school_custom_bootloader_l432kc_bootloader.elf
 
arm-none-eabi-size  steppe_school_custom_bootloader_l432kc_bootloader.elf 
arm-none-eabi-objdump -h -S steppe_school_custom_bootloader_l432kc_bootloader.elf  > "steppe_school_custom_bootloader_l432kc_bootloader.list"
   text	   data	    bss	    dec	    hex	filename
  23444	    136	   2776	  26356	   66f4	steppe_school_custom_bootloader_l432kc_bootloader.elf
Finished building: default.size.stdout
 
Finished building: steppe_school_custom_bootloader_l432kc_bootloader.list
 
15:18:51 **** Incremental Build of configuration Debug for project stm32WorldH7bootloader ****
make -j12 all 
arm-none-eabi-size  stm32WorldH7bootloader.elf 
   text	   data	    bss	    dec	    hex	filename
  29180	    320	   5864	  35364	   8a24	stm32WorldH7bootloader.elf
Finished building: default.size.stdout
 
15:18:51 **** Incremental Build of configuration Debug for project stm32WorldH7bootloader_application ****
make -j12 all 
arm-none-eabi-size  stm32WorldH7bootloader_application.elf 
   text	   data	    bss	    dec	    hex	filename
  35996	    260	   8708	  44964	   afa4	stm32WorldH7bootloader_application.elf
Finished building: default.size.stdout
 
15:18:51 **** Incremental Build of configuration Debug for project yeah ****
make -j12 all 
arm-none-eabi-size  yeah.elf 
   text	   data	    bss	    dec	    hex	filename
  11196	     12	   1708	  12916	   3274	yeah.elf
Finished building: default.size.stdout
 
15:18:55 **** Incremental Build of configuration Debug for project steppe_school_custom_bootloader_l432kc_bootloader ****
make -j12 all 
arm-none-eabi-size  steppe_school_custom_bootloader_l432kc_bootloader.elf 
   text	   data	    bss	    dec	    hex	filename
  23444	    136	   2776	  26356	   66f4	steppe_school_custom_bootloader_l432kc_bootloader.elf
Finished building: default.size.stdout
 
15:21:41 **** Incremental Build of configuration Debug for project L432test ****
make -j12 all 
arm-none-eabi-size  L432test.elf 
   text	   data	    bss	    dec	    hex	filename
  11308	     12	   1708	  13028	   32e4	L432test.elf
Finished building: default.size.stdout
 
15:21:42 **** Incremental Build of configuration Debug for project figuring_out_display h723 ****
make -j12 all 
arm-none-eabi-size  figuring_out_display\ h723.elf 
   text	   data	    bss	    dec	    hex	filename
   6504	     16	   1568	   8088	   1f98	figuring_out_display h723.elf
Finished building: default.size.stdout
 
15:21:43 **** Incremental Build of configuration Debug for project h723_pin_selection ****
make -j12 all 
arm-none-eabi-size  h723_pin_selection.elf 
   text	   data	    bss	    dec	    hex	filename
  27736	     16	   3064	  30816	   7860	h723_pin_selection.elf
Finished building: default.size.stdout
 
15:21:43 **** Incremental Build of configuration Debug for project h750_pin_selection ****
make -j12 all 
arm-none-eabi-size  h750_pin_selection.elf 
   text	   data	    bss	    dec	    hex	filename
  33040	     16	   1920	  34976	   88a0	h750_pin_selection.elf
Finished building: default.size.stdout
 
15:21:43 **** Incremental Build of configuration Debug for project steppe_school_custom_bootloader_l432kc_application ****
make -j12 all 
arm-none-eabi-size  steppe_school_custom_bootloader_l432kc_application.elf 
   text	   data	    bss	    dec	    hex	filename
  11404	     12	   1708	  13124	   3344	steppe_school_custom_bootloader_l432kc_application.elf
Finished building: default.size.stdout
 
15:21:44 **** Incremental Build of configuration Debug for project steppe_school_custom_bootloader_l432kc_bootloader ****
make -j12 all 
arm-none-eabi-gcc "../Core/Src/main.c" -mcpu=cortex-m4 -std=gnu11 -g3 -DDEBUG -DUSE_HAL_DRIVER -DSTM32L432xx -c -I../Core/Inc -I../Drivers/STM32L4xx_HAL_Driver/Inc -I../Drivers/STM32L4xx_HAL_Driver/Inc/Legacy -I../Drivers/CMSIS/Device/ST/STM32L4xx/Include -I../Drivers/CMSIS/Include -O0 -ffunction-sections -fdata-sections -Wall -fstack-usage -fcyclomatic-complexity -MMD -MP -MF"Core/Src/main.d" -MT"Core/Src/main.o" --specs=nano.specs -mfpu=fpv4-sp-d16 -mfloat-abi=hard -mthumb -o "Core/Src/main.o"
arm-none-eabi-gcc -o "steppe_school_custom_bootloader_l432kc_bootloader.elf" @"objects.list"   -mcpu=cortex-m4 -T"E:\altium_projects\stm_projects\steppe_school_custom_bootloader_l432kc_bootloader\STM32L432KCUX_FLASH.ld" --specs=nosys.specs -Wl,-Map="steppe_school_custom_bootloader_l432kc_bootloader.map" -Wl,--gc-sections -static --specs=nano.specs -mfpu=fpv4-sp-d16 -mfloat-abi=hard -mthumb -Wl,--start-group -lc -lm -Wl,--end-group
Finished building target: steppe_school_custom_bootloader_l432kc_bootloader.elf
 
arm-none-eabi-size  steppe_school_custom_bootloader_l432kc_bootloader.elf 
arm-none-eabi-objdump -h -S steppe_school_custom_bootloader_l432kc_bootloader.elf  > "steppe_school_custom_bootloader_l432kc_bootloader.list"
   text	   data	    bss	    dec	    hex	filename
  23444	    136	   2776	  26356	   66f4	steppe_school_custom_bootloader_l432kc_bootloader.elf
Finished building: default.size.stdout
 
Finished building: steppe_school_custom_bootloader_l432kc_bootloader.list
 
15:21:44 **** Incremental Build of configuration Debug for project stm32WorldH7bootloader ****
make -j12 all 
arm-none-eabi-size  stm32WorldH7bootloader.elf 
   text	   data	    bss	    dec	    hex	filename
  29180	    320	   5864	  35364	   8a24	stm32WorldH7bootloader.elf
Finished building: default.size.stdout
 
15:21:45 **** Incremental Build of configuration Debug for project stm32WorldH7bootloader_application ****
make -j12 all 
arm-none-eabi-size  stm32WorldH7bootloader_application.elf 
   text	   data	    bss	    dec	    hex	filename
  35996	    260	   8708	  44964	   afa4	stm32WorldH7bootloader_application.elf
Finished building: default.size.stdout
 
15:21:45 **** Incremental Build of configuration Debug for project yeah ****
make -j12 all 
arm-none-eabi-size  yeah.elf 
   text	   data	    bss	    dec	    hex	filename
  11196	     12	   1708	  12916	   3274	yeah.elf
Finished building: default.size.stdout
 
15:21:50 **** Incremental Build of configuration Debug for project steppe_school_custom_bootloader_l432kc_bootloader ****
make -j12 all 
arm-none-eabi-size  steppe_school_custom_bootloader_l432kc_bootloader.elf 
   text	   data	    bss	    dec	    hex	filename
  23444	    136	   2776	  26356	   66f4	steppe_school_custom_bootloader_l432kc_bootloader.elf
Finished building: default.size.stdout
 
15:25:58 **** Incremental Build of configuration Debug for project L432test ****
make -j12 all 
arm-none-eabi-size  L432test.elf 
   text	   data	    bss	    dec	    hex	filename
  11308	     12	   1708	  13028	   32e4	L432test.elf
Finished building: default.size.stdout
 
15:25:58 **** Incremental Build of configuration Debug for project figuring_out_display h723 ****
make -j12 all 
arm-none-eabi-size  figuring_out_display\ h723.elf 
   text	   data	    bss	    dec	    hex	filename
   6504	     16	   1568	   8088	   1f98	figuring_out_display h723.elf
Finished building: default.size.stdout
 
15:26:00 **** Incremental Build of configuration Debug for project h723_pin_selection ****
make -j12 all 
arm-none-eabi-size  h723_pin_selection.elf 
   text	   data	    bss	    dec	    hex	filename
  27736	     16	   3064	  30816	   7860	h723_pin_selection.elf
Finished building: default.size.stdout
 
15:26:00 **** Incremental Build of configuration Debug for project h750_pin_selection ****
make -j12 all 
arm-none-eabi-size  h750_pin_selection.elf 
   text	   data	    bss	    dec	    hex	filename
  33040	     16	   1920	  34976	   88a0	h750_pin_selection.elf
Finished building: default.size.stdout
 
15:26:00 **** Incremental Build of configuration Debug for project steppe_school_custom_bootloader_l432kc_application ****
make -j12 all 
arm-none-eabi-gcc "../Core/Src/main.c" -mcpu=cortex-m4 -std=gnu11 -g3 -DDEBUG -DUSE_HAL_DRIVER -DSTM32L432xx -c -I../Core/Inc -I../Drivers/STM32L4xx_HAL_Driver/Inc -I../Drivers/STM32L4xx_HAL_Driver/Inc/Legacy -I../Drivers/CMSIS/Device/ST/STM32L4xx/Include -I../Drivers/CMSIS/Include -O0 -ffunction-sections -fdata-sections -Wall -fstack-usage -fcyclomatic-complexity -MMD -MP -MF"Core/Src/main.d" -MT"Core/Src/main.o" --specs=nano.specs -mfpu=fpv4-sp-d16 -mfloat-abi=hard -mthumb -o "Core/Src/main.o"
arm-none-eabi-gcc -o "steppe_school_custom_bootloader_l432kc_application.elf" @"objects.list"   -mcpu=cortex-m4 -T"E:\altium_projects\stm_projects\steppe_school_custom_bootloader_l432kc_application\STM32L432KCUX_FLASH.ld" --specs=nosys.specs -Wl,-Map="steppe_school_custom_bootloader_l432kc_application.map" -Wl,--gc-sections -static --specs=nano.specs -mfpu=fpv4-sp-d16 -mfloat-abi=hard -mthumb -Wl,--start-group -lc -lm -Wl,--end-group
Finished building target: steppe_school_custom_bootloader_l432kc_application.elf
 
arm-none-eabi-size  steppe_school_custom_bootloader_l432kc_application.elf 
arm-none-eabi-objdump -h -S steppe_school_custom_bootloader_l432kc_application.elf  > "steppe_school_custom_bootloader_l432kc_application.list"
   text	   data	    bss	    dec	    hex	filename
  11304	     12	   1708	  13024	   32e0	steppe_school_custom_bootloader_l432kc_application.elf
arm-none-eabi-objcopy  -O binary steppe_school_custom_bootloader_l432kc_application.elf  "steppe_school_custom_bootloader_l432kc_application.bin"
Finished building: default.size.stdout
 
Finished building: steppe_school_custom_bootloader_l432kc_application.bin
 
Finished building: steppe_school_custom_bootloader_l432kc_application.list
 
15:26:01 **** Incremental Build of configuration Debug for project steppe_school_custom_bootloader_l432kc_bootloader ****
make -j12 all 
arm-none-eabi-size  steppe_school_custom_bootloader_l432kc_bootloader.elf 
   text	   data	    bss	    dec	    hex	filename
  23444	    136	   2776	  26356	   66f4	steppe_school_custom_bootloader_l432kc_bootloader.elf
Finished building: default.size.stdout
 
15:26:01 **** Incremental Build of configuration Debug for project stm32WorldH7bootloader ****
make -j12 all 
arm-none-eabi-size  stm32WorldH7bootloader.elf 
   text	   data	    bss	    dec	    hex	filename
  29180	    320	   5864	  35364	   8a24	stm32WorldH7bootloader.elf
Finished building: default.size.stdout
 
15:26:01 **** Incremental Build of configuration Debug for project stm32WorldH7bootloader_application ****
make -j12 all 
arm-none-eabi-size  stm32WorldH7bootloader_application.elf 
   text	   data	    bss	    dec	    hex	filename
  35996	    260	   8708	  44964	   afa4	stm32WorldH7bootloader_application.elf
Finished building: default.size.stdout
 
15:26:02 **** Incremental Build of configuration Debug for project yeah ****
make -j12 all 
arm-none-eabi-size  yeah.elf 
   text	   data	    bss	    dec	    hex	filename
  11196	     12	   1708	  12916	   3274	yeah.elf
Finished building: default.size.stdout
 
