22:41:14 **** Incremental Build of configuration Debug for project steppe_school_custom_bootloader_l432kc_bootloader ****
make -j12 all 
arm-none-eabi-gcc "../Core/Src/flash_control.c" -mcpu=cortex-m4 -std=gnu11 -g3 -DDEBUG -DUSE_HAL_DRIVER -DSTM32L432xx -c -I../Core/Inc -I../Drivers/STM32L4xx_HAL_Driver/Inc -I../Drivers/STM32L4xx_HAL_Driver/Inc/Legacy -I../Drivers/CMSIS/Device/ST/STM32L4xx/Include -I../Drivers/CMSIS/Include -O0 -ffunction-sections -fdata-sections -Wall -fstack-usage -fcyclomatic-complexity -MMD -MP -MF"Core/Src/flash_control.d" -MT"Core/Src/flash_control.o" --specs=nano.specs -mfpu=fpv4-sp-d16 -mfloat-abi=hard -mthumb -o "Core/Src/flash_control.o"
arm-none-eabi-gcc "../Core/Src/main.c" -mcpu=cortex-m4 -std=gnu11 -g3 -DDEBUG -DUSE_HAL_DRIVER -DSTM32L432xx -c -I../Core/Inc -I../Drivers/STM32L4xx_HAL_Driver/Inc -I../Drivers/STM32L4xx_HAL_Driver/Inc/Legacy -I../Drivers/CMSIS/Device/ST/STM32L4xx/Include -I../Drivers/CMSIS/Include -O0 -ffunction-sections -fdata-sections -Wall -fstack-usage -fcyclomatic-complexity -MMD -MP -MF"Core/Src/main.d" -MT"Core/Src/main.o" --specs=nano.specs -mfpu=fpv4-sp-d16 -mfloat-abi=hard -mthumb -o "Core/Src/main.o"
arm-none-eabi-gcc "../Core/Src/serial_port.c" -mcpu=cortex-m4 -std=gnu11 -g3 -DDEBUG -DUSE_HAL_DRIVER -DSTM32L432xx -c -I../Core/Inc -I../Drivers/STM32L4xx_HAL_Driver/Inc -I../Drivers/STM32L4xx_HAL_Driver/Inc/Legacy -I../Drivers/CMSIS/Device/ST/STM32L4xx/Include -I../Drivers/CMSIS/Include -O0 -ffunction-sections -fdata-sections -Wall -fstack-usage -fcyclomatic-complexity -MMD -MP -MF"Core/Src/serial_port.d" -MT"Core/Src/serial_port.o" --specs=nano.specs -mfpu=fpv4-sp-d16 -mfloat-abi=hard -mthumb -o "Core/Src/serial_port.o"
arm-none-eabi-gcc "../Core/Src/stm32l4xx_hal_msp.c" -mcpu=cortex-m4 -std=gnu11 -g3 -DDEBUG -DUSE_HAL_DRIVER -DSTM32L432xx -c -I../Core/Inc -I../Drivers/STM32L4xx_HAL_Driver/Inc -I../Drivers/STM32L4xx_HAL_Driver/Inc/Legacy -I../Drivers/CMSIS/Device/ST/STM32L4xx/Include -I../Drivers/CMSIS/Include -O0 -ffunction-sections -fdata-sections -Wall -fstack-usage -fcyclomatic-complexity -MMD -MP -MF"Core/Src/stm32l4xx_hal_msp.d" -MT"Core/Src/stm32l4xx_hal_msp.o" --specs=nano.specs -mfpu=fpv4-sp-d16 -mfloat-abi=hard -mthumb -o "Core/Src/stm32l4xx_hal_msp.o"
arm-none-eabi-gcc "../Core/Src/stm32l4xx_it.c" -mcpu=cortex-m4 -std=gnu11 -g3 -DDEBUG -DUSE_HAL_DRIVER -DSTM32L432xx -c -I../Core/Inc -I../Drivers/STM32L4xx_HAL_Driver/Inc -I../Drivers/STM32L4xx_HAL_Driver/Inc/Legacy -I../Drivers/CMSIS/Device/ST/STM32L4xx/Include -I../Drivers/CMSIS/Include -O0 -ffunction-sections -fdata-sections -Wall -fstack-usage -fcyclomatic-complexity -MMD -MP -MF"Core/Src/stm32l4xx_it.d" -MT"Core/Src/stm32l4xx_it.o" --specs=nano.specs -mfpu=fpv4-sp-d16 -mfloat-abi=hard -mthumb -o "Core/Src/stm32l4xx_it.o"
arm-none-eabi-gcc "../Core/Src/syscalls.c" -mcpu=cortex-m4 -std=gnu11 -g3 -DDEBUG -DUSE_HAL_DRIVER -DSTM32L432xx -c -I../Core/Inc -I../Drivers/STM32L4xx_HAL_Driver/Inc -I../Drivers/STM32L4xx_HAL_Driver/Inc/Legacy -I../Drivers/CMSIS/Device/ST/STM32L4xx/Include -I../Drivers/CMSIS/Include -O0 -ffunction-sections -fdata-sections -Wall -fstack-usage -fcyclomatic-complexity -MMD -MP -MF"Core/Src/syscalls.d" -MT"Core/Src/syscalls.o" --specs=nano.specs -mfpu=fpv4-sp-d16 -mfloat-abi=hard -mthumb -o "Core/Src/syscalls.o"
arm-none-eabi-gcc "../Core/Src/sysmem.c" -mcpu=cortex-m4 -std=gnu11 -g3 -DDEBUG -DUSE_HAL_DRIVER -DSTM32L432xx -c -I../Core/Inc -I../Drivers/STM32L4xx_HAL_Driver/Inc -I../Drivers/STM32L4xx_HAL_Driver/Inc/Legacy -I../Drivers/CMSIS/Device/ST/STM32L4xx/Include -I../Drivers/CMSIS/Include -O0 -ffunction-sections -fdata-sections -Wall -fstack-usage -fcyclomatic-complexity -MMD -MP -MF"Core/Src/sysmem.d" -MT"Core/Src/sysmem.o" --specs=nano.specs -mfpu=fpv4-sp-d16 -mfloat-abi=hard -mthumb -o "Core/Src/sysmem.o"
arm-none-eabi-gcc "../Core/Src/system_stm32l4xx.c" -mcpu=cortex-m4 -std=gnu11 -g3 -DDEBUG -DUSE_HAL_DRIVER -DSTM32L432xx -c -I../Core/Inc -I../Drivers/STM32L4xx_HAL_Driver/Inc -I../Drivers/STM32L4xx_HAL_Driver/Inc/Legacy -I../Drivers/CMSIS/Device/ST/STM32L4xx/Include -I../Drivers/CMSIS/Include -O0 -ffunction-sections -fdata-sections -Wall -fstack-usage -fcyclomatic-complexity -MMD -MP -MF"Core/Src/system_stm32l4xx.d" -MT"Core/Src/system_stm32l4xx.o" --specs=nano.specs -mfpu=fpv4-sp-d16 -mfloat-abi=hard -mthumb -o "Core/Src/system_stm32l4xx.o"
../Core/Src/flash_control.c: In function 'erase_flash_memory':
../Core/Src/flash_control.c:24:39: error: 'FLASH_BANK2_END' undeclared (first use in this function); did you mean 'FLASH_BANK1_END'?
   24 |         flash_erase_struct.NbPages = (FLASH_BANK2_END - FLASH_BANK1_END)/ FLASH_PAGE_SIZE;
      |                                       ^~~~~~~~~~~~~~~
      |                                       FLASH_BANK1_END
../Core/Src/flash_control.c:24:39: note: each undeclared identifier is reported only once for each function it appears in
../Core/Src/flash_control.c:26:36: error: 'FLASH_BANK_2' undeclared (first use in this function); did you mean 'FLASH_BANK_1'?
   26 |         flash_erase_struct.Banks = FLASH_BANK_2;
      |                                    ^~~~~~~~~~~~
      |                                    FLASH_BANK_1
make: *** [Core/Src/subdir.mk:40: Core/Src/flash_control.o] Error 1
make: *** Waiting for unfinished jobs....
../Core/Src/main.c: In function 'HAL_UARTEx_RxEventCallback':
../Core/Src/main.c:90:9: warning: implicit declaration of function 'HAL_UARTEx_ReceiveToIdleDMA'; did you mean 'HAL_UARTEx_ReceiveToIdle_DMA'? [-Wimplicit-function-declaration]
   90 |         HAL_UARTEx_ReceiveToIdleDMA(&huart2, received_data, sizeof(received_data));
      |         ^~~~~~~~~~~~~~~~~~~~~~~~~~~
      |         HAL_UARTEx_ReceiveToIdle_DMA
"make -j12 all" terminated with exit code 2. Build might be incomplete.
22:43:41 **** Incremental Build of configuration Debug for project figuring_out_display h723 ****
make -j12 all 
arm-none-eabi-size  figuring_out_display\ h723.elf 
   text	   data	    bss	    dec	    hex	filename
   6504	     16	   1568	   8088	   1f98	figuring_out_display h723.elf
Finished building: default.size.stdout
 
22:43:44 **** Incremental Build of configuration Debug for project h723_pin_selection ****
make -j12 all 
arm-none-eabi-size  h723_pin_selection.elf 
   text	   data	    bss	    dec	    hex	filename
  27736	     16	   3064	  30816	   7860	h723_pin_selection.elf
Finished building: default.size.stdout
 
22:43:45 **** Incremental Build of configuration Debug for project h750_pin_selection ****
make -j12 all 
arm-none-eabi-size  h750_pin_selection.elf 
   text	   data	    bss	    dec	    hex	filename
  33040	     16	   1920	  34976	   88a0	h750_pin_selection.elf
Finished building: default.size.stdout
 
22:43:45 **** Incremental Build of configuration Debug for project steppe_school_custom_bootloader_l432kc_bootloader ****
make -j12 all 
arm-none-eabi-gcc "../Core/Src/flash_control.c" -mcpu=cortex-m4 -std=gnu11 -g3 -DDEBUG -DUSE_HAL_DRIVER -DSTM32L432xx -c -I../Core/Inc -I../Drivers/STM32L4xx_HAL_Driver/Inc -I../Drivers/STM32L4xx_HAL_Driver/Inc/Legacy -I../Drivers/CMSIS/Device/ST/STM32L4xx/Include -I../Drivers/CMSIS/Include -O0 -ffunction-sections -fdata-sections -Wall -fstack-usage -fcyclomatic-complexity -MMD -MP -MF"Core/Src/flash_control.d" -MT"Core/Src/flash_control.o" --specs=nano.specs -mfpu=fpv4-sp-d16 -mfloat-abi=hard -mthumb -o "Core/Src/flash_control.o"
arm-none-eabi-gcc -o "steppe_school_custom_bootloader_l432kc_bootloader.elf" @"objects.list"   -mcpu=cortex-m4 -T"E:\altium_projects\stm_projects\steppe_school_custom_bootloader_l432kc_bootloader\STM32L432KCUX_FLASH.ld" --specs=nosys.specs -Wl,-Map="steppe_school_custom_bootloader_l432kc_bootloader.map" -Wl,--gc-sections -static --specs=nano.specs -mfpu=fpv4-sp-d16 -mfloat-abi=hard -mthumb -Wl,--start-group -lc -lm -Wl,--end-group
E:/STM32CubeIDE_1.19.0/STM32CubeIDE/plugins/com.st.stm32cube.ide.mcu.externaltools.gnu-tools-for-stm32.13.3.rel1.win32_1.0.0.202411081344/tools/bin/../lib/gcc/arm-none-eabi/13.3.1/../../../../arm-none-eabi/bin/ld.exe: ./Core/Src/main.o: in function `HAL_UARTEx_RxEventCallback':
E:/altium_projects/stm_projects/steppe_school_custom_bootloader_l432kc_bootloader/Debug/../Core/Src/main.c:90:(.text.HAL_UARTEx_RxEventCallback+0x1a): undefined reference to `HAL_UARTEx_ReceiveToIdleDMA'
collect2.exe: error: ld returned 1 exit status
make: *** [makefile:64: steppe_school_custom_bootloader_l432kc_bootloader.elf] Error 1
"make -j12 all" terminated with exit code 2. Build might be incomplete.
22:43:46 **** Incremental Build of configuration Debug for project stm32WorldH7bootloader ****
make -j12 all 
arm-none-eabi-gcc "../Core/Src/main.c" -mcpu=cortex-m7 -std=gnu11 -g3 -DDEBUG -DUSE_PWR_LDO_SUPPLY -DUSE_HAL_DRIVER -DSTM32H743xx -c -I../Core/Inc -I../Drivers/STM32H7xx_HAL_Driver/Inc -I../Drivers/STM32H7xx_HAL_Driver/Inc/Legacy -I../Drivers/CMSIS/Device/ST/STM32H7xx/Include -I../Drivers/CMSIS/Include -I../USB_DEVICE/App -I../USB_DEVICE/Target -I../Middlewares/ST/STM32_USB_Device_Library/Core/Inc -I../Middlewares/ST/STM32_USB_Device_Library/Class/DFU/Inc -Og -ffunction-sections -fdata-sections -Wall -fstack-usage -fcyclomatic-complexity -MMD -MP -MF"Core/Src/main.d" -MT"Core/Src/main.o" --specs=nano.specs -mfpu=fpv5-d16 -mfloat-abi=hard -mthumb -o "Core/Src/main.o"
arm-none-eabi-gcc "../Core/Src/stm32h7xx_hal_msp.c" -mcpu=cortex-m7 -std=gnu11 -g3 -DDEBUG -DUSE_PWR_LDO_SUPPLY -DUSE_HAL_DRIVER -DSTM32H743xx -c -I../Core/Inc -I../Drivers/STM32H7xx_HAL_Driver/Inc -I../Drivers/STM32H7xx_HAL_Driver/Inc/Legacy -I../Drivers/CMSIS/Device/ST/STM32H7xx/Include -I../Drivers/CMSIS/Include -I../USB_DEVICE/App -I../USB_DEVICE/Target -I../Middlewares/ST/STM32_USB_Device_Library/Core/Inc -I../Middlewares/ST/STM32_USB_Device_Library/Class/DFU/Inc -Og -ffunction-sections -fdata-sections -Wall -fstack-usage -fcyclomatic-complexity -MMD -MP -MF"Core/Src/stm32h7xx_hal_msp.d" -MT"Core/Src/stm32h7xx_hal_msp.o" --specs=nano.specs -mfpu=fpv5-d16 -mfloat-abi=hard -mthumb -o "Core/Src/stm32h7xx_hal_msp.o"
arm-none-eabi-gcc "../Core/Src/stm32h7xx_it.c" -mcpu=cortex-m7 -std=gnu11 -g3 -DDEBUG -DUSE_PWR_LDO_SUPPLY -DUSE_HAL_DRIVER -DSTM32H743xx -c -I../Core/Inc -I../Drivers/STM32H7xx_HAL_Driver/Inc -I../Drivers/STM32H7xx_HAL_Driver/Inc/Legacy -I../Drivers/CMSIS/Device/ST/STM32H7xx/Include -I../Drivers/CMSIS/Include -I../USB_DEVICE/App -I../USB_DEVICE/Target -I../Middlewares/ST/STM32_USB_Device_Library/Core/Inc -I../Middlewares/ST/STM32_USB_Device_Library/Class/DFU/Inc -Og -ffunction-sections -fdata-sections -Wall -fstack-usage -fcyclomatic-complexity -MMD -MP -MF"Core/Src/stm32h7xx_it.d" -MT"Core/Src/stm32h7xx_it.o" --specs=nano.specs -mfpu=fpv5-d16 -mfloat-abi=hard -mthumb -o "Core/Src/stm32h7xx_it.o"
arm-none-eabi-gcc "../Core/Src/syscalls.c" -mcpu=cortex-m7 -std=gnu11 -g3 -DDEBUG -DUSE_PWR_LDO_SUPPLY -DUSE_HAL_DRIVER -DSTM32H743xx -c -I../Core/Inc -I../Drivers/STM32H7xx_HAL_Driver/Inc -I../Drivers/STM32H7xx_HAL_Driver/Inc/Legacy -I../Drivers/CMSIS/Device/ST/STM32H7xx/Include -I../Drivers/CMSIS/Include -I../USB_DEVICE/App -I../USB_DEVICE/Target -I../Middlewares/ST/STM32_USB_Device_Library/Core/Inc -I../Middlewares/ST/STM32_USB_Device_Library/Class/DFU/Inc -Og -ffunction-sections -fdata-sections -Wall -fstack-usage -fcyclomatic-complexity -MMD -MP -MF"Core/Src/syscalls.d" -MT"Core/Src/syscalls.o" --specs=nano.specs -mfpu=fpv5-d16 -mfloat-abi=hard -mthumb -o "Core/Src/syscalls.o"
arm-none-eabi-gcc "../Core/Src/sysmem.c" -mcpu=cortex-m7 -std=gnu11 -g3 -DDEBUG -DUSE_PWR_LDO_SUPPLY -DUSE_HAL_DRIVER -DSTM32H743xx -c -I../Core/Inc -I../Drivers/STM32H7xx_HAL_Driver/Inc -I../Drivers/STM32H7xx_HAL_Driver/Inc/Legacy -I../Drivers/CMSIS/Device/ST/STM32H7xx/Include -I../Drivers/CMSIS/Include -I../USB_DEVICE/App -I../USB_DEVICE/Target -I../Middlewares/ST/STM32_USB_Device_Library/Core/Inc -I../Middlewares/ST/STM32_USB_Device_Library/Class/DFU/Inc -Og -ffunction-sections -fdata-sections -Wall -fstack-usage -fcyclomatic-complexity -MMD -MP -MF"Core/Src/sysmem.d" -MT"Core/Src/sysmem.o" --specs=nano.specs -mfpu=fpv5-d16 -mfloat-abi=hard -mthumb -o "Core/Src/sysmem.o"
arm-none-eabi-gcc "../Core/Src/system_stm32h7xx.c" -mcpu=cortex-m7 -std=gnu11 -g3 -DDEBUG -DUSE_PWR_LDO_SUPPLY -DUSE_HAL_DRIVER -DSTM32H743xx -c -I../Core/Inc -I../Drivers/STM32H7xx_HAL_Driver/Inc -I../Drivers/STM32H7xx_HAL_Driver/Inc/Legacy -I../Drivers/CMSIS/Device/ST/STM32H7xx/Include -I../Drivers/CMSIS/Include -I../USB_DEVICE/App -I../USB_DEVICE/Target -I../Middlewares/ST/STM32_USB_Device_Library/Core/Inc -I../Middlewares/ST/STM32_USB_Device_Library/Class/DFU/Inc -Og -ffunction-sections -fdata-sections -Wall -fstack-usage -fcyclomatic-complexity -MMD -MP -MF"Core/Src/system_stm32h7xx.d" -MT"Core/Src/system_stm32h7xx.o" --specs=nano.specs -mfpu=fpv5-d16 -mfloat-abi=hard -mthumb -o "Core/Src/system_stm32h7xx.o"
../Core/Src/main.c: In function 'main':
../Core/Src/main.c:118:39: warning: unused variable 'next_tick' [-Wunused-variable]
  118 |   uint32_t now = 0, next_blink = 500, next_tick = 1000;
      |                                       ^~~~~~~~~
../Core/Src/main.c:118:21: warning: unused variable 'next_blink' [-Wunused-variable]
  118 |   uint32_t now = 0, next_blink = 500, next_tick = 1000;
      |                     ^~~~~~~~~~
../Core/Src/main.c:118:12: warning: unused variable 'now' [-Wunused-variable]
  118 |   uint32_t now = 0, next_blink = 500, next_tick = 1000;
      |            ^~~
arm-none-eabi-gcc -o "stm32WorldH7bootloader.elf" @"objects.list"   -mcpu=cortex-m7 -T"E:\altium_projects\stm_projects\stm32WorldH7bootloader\STM32H743VITX_FLASH.ld" --specs=nosys.specs -Wl,-Map="stm32WorldH7bootloader.map" -Wl,--gc-sections -static --specs=nano.specs -mfpu=fpv5-d16 -mfloat-abi=hard -mthumb -Wl,--start-group -lc -lm -Wl,--end-group
Finished building target: stm32WorldH7bootloader.elf
 
arm-none-eabi-size  stm32WorldH7bootloader.elf 
arm-none-eabi-objdump -h -S stm32WorldH7bootloader.elf  > "stm32WorldH7bootloader.list"
   text	   data	    bss	    dec	    hex	filename
  29180	    320	   5864	  35364	   8a24	stm32WorldH7bootloader.elf
Finished building: default.size.stdout
 
Finished building: stm32WorldH7bootloader.list
 
22:43:47 **** Incremental Build of configuration Debug for project stm32WorldH7bootloader_application ****
make -j12 all 
arm-none-eabi-size  stm32WorldH7bootloader_application.elf 
   text	   data	    bss	    dec	    hex	filename
  35996	    260	   8708	  44964	   afa4	stm32WorldH7bootloader_application.elf
Finished building: default.size.stdout
 
22:43:48 **** Incremental Build of configuration Debug for project yeah ****
make -j12 all 
arm-none-eabi-size  yeah.elf 
   text	   data	    bss	    dec	    hex	filename
  11196	     12	   1708	  12916	   3274	yeah.elf
Finished building: default.size.stdout
 
22:51:15 **** Incremental Build of configuration Debug for project figuring_out_display h723 ****
make -j12 all 
arm-none-eabi-size  figuring_out_display\ h723.elf 
   text	   data	    bss	    dec	    hex	filename
   6504	     16	   1568	   8088	   1f98	figuring_out_display h723.elf
Finished building: default.size.stdout
 
22:51:17 **** Incremental Build of configuration Debug for project h723_pin_selection ****
make -j12 all 
arm-none-eabi-size  h723_pin_selection.elf 
   text	   data	    bss	    dec	    hex	filename
  27736	     16	   3064	  30816	   7860	h723_pin_selection.elf
Finished building: default.size.stdout
 
22:51:17 **** Incremental Build of configuration Debug for project h750_pin_selection ****
make -j12 all 
arm-none-eabi-size  h750_pin_selection.elf 
   text	   data	    bss	    dec	    hex	filename
  33040	     16	   1920	  34976	   88a0	h750_pin_selection.elf
Finished building: default.size.stdout
 
22:51:18 **** Incremental Build of configuration Debug for project steppe_school_custom_bootloader_l432kc_bootloader ****
make -j12 all 
arm-none-eabi-gcc "../Core/Src/main.c" -mcpu=cortex-m4 -std=gnu11 -g3 -DDEBUG -DUSE_HAL_DRIVER -DSTM32L432xx -c -I../Core/Inc -I../Drivers/STM32L4xx_HAL_Driver/Inc -I../Drivers/STM32L4xx_HAL_Driver/Inc/Legacy -I../Drivers/CMSIS/Device/ST/STM32L4xx/Include -I../Drivers/CMSIS/Include -O0 -ffunction-sections -fdata-sections -Wall -fstack-usage -fcyclomatic-complexity -MMD -MP -MF"Core/Src/main.d" -MT"Core/Src/main.o" --specs=nano.specs -mfpu=fpv4-sp-d16 -mfloat-abi=hard -mthumb -o "Core/Src/main.o"
../Core/Src/main.c: In function 'HAL_UARTEx_RxEventCallback':
../Core/Src/main.c:92:17: warning: implicit declaration of function 'HAL_UARTEx_ReceiveToIdleDMA'; did you mean 'HAL_UARTEx_ReceiveToIdle_DMA'? [-Wimplicit-function-declaration]
   92 |                 HAL_UARTEx_ReceiveToIdleDMA(&huart2, received_data, sizeof(received_data));
      |                 ^~~~~~~~~~~~~~~~~~~~~~~~~~~
      |                 HAL_UARTEx_ReceiveToIdle_DMA
arm-none-eabi-gcc -o "steppe_school_custom_bootloader_l432kc_bootloader.elf" @"objects.list"   -mcpu=cortex-m4 -T"E:\altium_projects\stm_projects\steppe_school_custom_bootloader_l432kc_bootloader\STM32L432KCUX_FLASH.ld" --specs=nosys.specs -Wl,-Map="steppe_school_custom_bootloader_l432kc_bootloader.map" -Wl,--gc-sections -static --specs=nano.specs -mfpu=fpv4-sp-d16 -mfloat-abi=hard -mthumb -Wl,--start-group -lc -lm -Wl,--end-group
E:/STM32CubeIDE_1.19.0/STM32CubeIDE/plugins/com.st.stm32cube.ide.mcu.externaltools.gnu-tools-for-stm32.13.3.rel1.win32_1.0.0.202411081344/tools/bin/../lib/gcc/arm-none-eabi/13.3.1/../../../../arm-none-eabi/bin/ld.exe: ./Core/Src/main.o: in function `HAL_UARTEx_RxEventCallback':
E:/altium_projects/stm_projects/steppe_school_custom_bootloader_l432kc_bootloader/Debug/../Core/Src/main.c:92:(.text.HAL_UARTEx_RxEventCallback+0x24): undefined reference to `HAL_UARTEx_ReceiveToIdleDMA'
collect2.exe: error: ld returned 1 exit status
make: *** [makefile:64: steppe_school_custom_bootloader_l432kc_bootloader.elf] Error 1
"make -j12 all" terminated with exit code 2. Build might be incomplete.
22:51:18 **** Incremental Build of configuration Debug for project stm32WorldH7bootloader ****
make -j12 all 
arm-none-eabi-size  stm32WorldH7bootloader.elf 
   text	   data	    bss	    dec	    hex	filename
  29180	    320	   5864	  35364	   8a24	stm32WorldH7bootloader.elf
Finished building: default.size.stdout
 
22:51:19 **** Incremental Build of configuration Debug for project stm32WorldH7bootloader_application ****
make -j12 all 
arm-none-eabi-size  stm32WorldH7bootloader_application.elf 
   text	   data	    bss	    dec	    hex	filename
  35996	    260	   8708	  44964	   afa4	stm32WorldH7bootloader_application.elf
Finished building: default.size.stdout
 
22:51:19 **** Incremental Build of configuration Debug for project yeah ****
make -j12 all 
arm-none-eabi-size  yeah.elf 
   text	   data	    bss	    dec	    hex	filename
  11196	     12	   1708	  12916	   3274	yeah.elf
Finished building: default.size.stdout
 
22:51:41 **** Incremental Build of configuration Debug for project figuring_out_display h723 ****
make -j12 all 
arm-none-eabi-size  figuring_out_display\ h723.elf 
   text	   data	    bss	    dec	    hex	filename
   6504	     16	   1568	   8088	   1f98	figuring_out_display h723.elf
Finished building: default.size.stdout
 
22:51:43 **** Incremental Build of configuration Debug for project h723_pin_selection ****
make -j12 all 
arm-none-eabi-size  h723_pin_selection.elf 
   text	   data	    bss	    dec	    hex	filename
  27736	     16	   3064	  30816	   7860	h723_pin_selection.elf
Finished building: default.size.stdout
 
22:51:43 **** Incremental Build of configuration Debug for project h750_pin_selection ****
make -j12 all 
arm-none-eabi-size  h750_pin_selection.elf 
   text	   data	    bss	    dec	    hex	filename
  33040	     16	   1920	  34976	   88a0	h750_pin_selection.elf
Finished building: default.size.stdout
 
22:51:43 **** Incremental Build of configuration Debug for project steppe_school_custom_bootloader_l432kc_bootloader ****
make -j12 all 
arm-none-eabi-gcc "../Core/Src/main.c" -mcpu=cortex-m4 -std=gnu11 -g3 -DDEBUG -DUSE_HAL_DRIVER -DSTM32L432xx -c -I../Core/Inc -I../Drivers/STM32L4xx_HAL_Driver/Inc -I../Drivers/STM32L4xx_HAL_Driver/Inc/Legacy -I../Drivers/CMSIS/Device/ST/STM32L4xx/Include -I../Drivers/CMSIS/Include -O0 -ffunction-sections -fdata-sections -Wall -fstack-usage -fcyclomatic-complexity -MMD -MP -MF"Core/Src/main.d" -MT"Core/Src/main.o" --specs=nano.specs -mfpu=fpv4-sp-d16 -mfloat-abi=hard -mthumb -o "Core/Src/main.o"
arm-none-eabi-gcc -o "steppe_school_custom_bootloader_l432kc_bootloader.elf" @"objects.list"   -mcpu=cortex-m4 -T"E:\altium_projects\stm_projects\steppe_school_custom_bootloader_l432kc_bootloader\STM32L432KCUX_FLASH.ld" --specs=nosys.specs -Wl,-Map="steppe_school_custom_bootloader_l432kc_bootloader.map" -Wl,--gc-sections -static --specs=nano.specs -mfpu=fpv4-sp-d16 -mfloat-abi=hard -mthumb -Wl,--start-group -lc -lm -Wl,--end-group
Finished building target: steppe_school_custom_bootloader_l432kc_bootloader.elf
 
arm-none-eabi-size  steppe_school_custom_bootloader_l432kc_bootloader.elf 
arm-none-eabi-objdump -h -S steppe_school_custom_bootloader_l432kc_bootloader.elf  > "steppe_school_custom_bootloader_l432kc_bootloader.list"
   text	   data	    bss	    dec	    hex	filename
  22184	    104	   2760	  25048	   61d8	steppe_school_custom_bootloader_l432kc_bootloader.elf
Finished building: default.size.stdout
 
Finished building: steppe_school_custom_bootloader_l432kc_bootloader.list
 
22:51:44 **** Incremental Build of configuration Debug for project stm32WorldH7bootloader ****
make -j12 all 
arm-none-eabi-size  stm32WorldH7bootloader.elf 
   text	   data	    bss	    dec	    hex	filename
  29180	    320	   5864	  35364	   8a24	stm32WorldH7bootloader.elf
Finished building: default.size.stdout
 
22:51:44 **** Incremental Build of configuration Debug for project stm32WorldH7bootloader_application ****
make -j12 all 
arm-none-eabi-size  stm32WorldH7bootloader_application.elf 
   text	   data	    bss	    dec	    hex	filename
  35996	    260	   8708	  44964	   afa4	stm32WorldH7bootloader_application.elf
Finished building: default.size.stdout
 
22:51:45 **** Incremental Build of configuration Debug for project yeah ****
make -j12 all 
arm-none-eabi-size  yeah.elf 
   text	   data	    bss	    dec	    hex	filename
  11196	     12	   1708	  12916	   3274	yeah.elf
Finished building: default.size.stdout
 
22:51:47 **** Incremental Build of configuration Debug for project figuring_out_display h723 ****
make -j12 all 
arm-none-eabi-size  figuring_out_display\ h723.elf 
   text	   data	    bss	    dec	    hex	filename
   6504	     16	   1568	   8088	   1f98	figuring_out_display h723.elf
Finished building: default.size.stdout
 
22:51:48 **** Incremental Build of configuration Debug for project h723_pin_selection ****
make -j12 all 
arm-none-eabi-size  h723_pin_selection.elf 
   text	   data	    bss	    dec	    hex	filename
  27736	     16	   3064	  30816	   7860	h723_pin_selection.elf
Finished building: default.size.stdout
 
22:51:49 **** Incremental Build of configuration Debug for project h750_pin_selection ****
make -j12 all 
arm-none-eabi-size  h750_pin_selection.elf 
   text	   data	    bss	    dec	    hex	filename
  33040	     16	   1920	  34976	   88a0	h750_pin_selection.elf
Finished building: default.size.stdout
 
22:51:49 **** Incremental Build of configuration Debug for project steppe_school_custom_bootloader_l432kc_bootloader ****
make -j12 all 
arm-none-eabi-gcc "../Core/Src/main.c" -mcpu=cortex-m4 -std=gnu11 -g3 -DDEBUG -DUSE_HAL_DRIVER -DSTM32L432xx -c -I../Core/Inc -I../Drivers/STM32L4xx_HAL_Driver/Inc -I../Drivers/STM32L4xx_HAL_Driver/Inc/Legacy -I../Drivers/CMSIS/Device/ST/STM32L4xx/Include -I../Drivers/CMSIS/Include -O0 -ffunction-sections -fdata-sections -Wall -fstack-usage -fcyclomatic-complexity -MMD -MP -MF"Core/Src/main.d" -MT"Core/Src/main.o" --specs=nano.specs -mfpu=fpv4-sp-d16 -mfloat-abi=hard -mthumb -o "Core/Src/main.o"
arm-none-eabi-gcc -o "steppe_school_custom_bootloader_l432kc_bootloader.elf" @"objects.list"   -mcpu=cortex-m4 -T"E:\altium_projects\stm_projects\steppe_school_custom_bootloader_l432kc_bootloader\STM32L432KCUX_FLASH.ld" --specs=nosys.specs -Wl,-Map="steppe_school_custom_bootloader_l432kc_bootloader.map" -Wl,--gc-sections -static --specs=nano.specs -mfpu=fpv4-sp-d16 -mfloat-abi=hard -mthumb -Wl,--start-group -lc -lm -Wl,--end-group
Finished building target: steppe_school_custom_bootloader_l432kc_bootloader.elf
 
arm-none-eabi-size  steppe_school_custom_bootloader_l432kc_bootloader.elf 
arm-none-eabi-objdump -h -S steppe_school_custom_bootloader_l432kc_bootloader.elf  > "steppe_school_custom_bootloader_l432kc_bootloader.list"
   text	   data	    bss	    dec	    hex	filename
  22184	    104	   2760	  25048	   61d8	steppe_school_custom_bootloader_l432kc_bootloader.elf
Finished building: default.size.stdout
 
Finished building: steppe_school_custom_bootloader_l432kc_bootloader.list
 
22:51:50 **** Incremental Build of configuration Debug for project stm32WorldH7bootloader ****
make -j12 all 
arm-none-eabi-size  stm32WorldH7bootloader.elf 
   text	   data	    bss	    dec	    hex	filename
  29180	    320	   5864	  35364	   8a24	stm32WorldH7bootloader.elf
Finished building: default.size.stdout
 
22:51:50 **** Incremental Build of configuration Debug for project stm32WorldH7bootloader_application ****
make -j12 all 
arm-none-eabi-size  stm32WorldH7bootloader_application.elf 
   text	   data	    bss	    dec	    hex	filename
  35996	    260	   8708	  44964	   afa4	stm32WorldH7bootloader_application.elf
Finished building: default.size.stdout
 
22:51:50 **** Incremental Build of configuration Debug for project yeah ****
make -j12 all 
arm-none-eabi-size  yeah.elf 
   text	   data	    bss	    dec	    hex	filename
  11196	     12	   1708	  12916	   3274	yeah.elf
Finished building: default.size.stdout
 
23:01:16 **** Incremental Build of configuration Debug for project steppe_school_custom_bootloader_l432kc_bootloader ****
make -j12 all 
arm-none-eabi-gcc "../Core/Src/main.c" -mcpu=cortex-m4 -std=gnu11 -g3 -DDEBUG -DUSE_HAL_DRIVER -DSTM32L432xx -c -I../Core/Inc -I../Drivers/STM32L4xx_HAL_Driver/Inc -I../Drivers/STM32L4xx_HAL_Driver/Inc/Legacy -I../Drivers/CMSIS/Device/ST/STM32L4xx/Include -I../Drivers/CMSIS/Include -O0 -ffunction-sections -fdata-sections -Wall -fstack-usage -fcyclomatic-complexity -MMD -MP -MF"Core/Src/main.d" -MT"Core/Src/main.o" --specs=nano.specs -mfpu=fpv4-sp-d16 -mfloat-abi=hard -mthumb -o "Core/Src/main.o"
arm-none-eabi-gcc -o "steppe_school_custom_bootloader_l432kc_bootloader.elf" @"objects.list"   -mcpu=cortex-m4 -T"E:\altium_projects\stm_projects\steppe_school_custom_bootloader_l432kc_bootloader\STM32L432KCUX_FLASH.ld" --specs=nosys.specs -Wl,-Map="steppe_school_custom_bootloader_l432kc_bootloader.map" -Wl,--gc-sections -static --specs=nano.specs -mfpu=fpv4-sp-d16 -mfloat-abi=hard -mthumb -Wl,--start-group -lc -lm -Wl,--end-group
Finished building target: steppe_school_custom_bootloader_l432kc_bootloader.elf
 
arm-none-eabi-size  steppe_school_custom_bootloader_l432kc_bootloader.elf 
arm-none-eabi-objdump -h -S steppe_school_custom_bootloader_l432kc_bootloader.elf  > "steppe_school_custom_bootloader_l432kc_bootloader.list"
   text	   data	    bss	    dec	    hex	filename
  22232	    104	   2760	  25096	   6208	steppe_school_custom_bootloader_l432kc_bootloader.elf
Finished building: default.size.stdout
 
Finished building: steppe_school_custom_bootloader_l432kc_bootloader.list
 
23:04:07 **** Incremental Build of configuration Debug for project steppe_school_custom_bootloader_l432kc_bootloader ****
make -j12 all 
arm-none-eabi-size  steppe_school_custom_bootloader_l432kc_bootloader.elf 
   text	   data	    bss	    dec	    hex	filename
  22232	    104	   2760	  25096	   6208	steppe_school_custom_bootloader_l432kc_bootloader.elf
Finished building: default.size.stdout
 
23:06:14 **** Incremental Build of configuration Debug for project figuring_out_display h723 ****
make -j12 all 
arm-none-eabi-size  figuring_out_display\ h723.elf 
   text	   data	    bss	    dec	    hex	filename
   6504	     16	   1568	   8088	   1f98	figuring_out_display h723.elf
Finished building: default.size.stdout
 
23:06:16 **** Incremental Build of configuration Debug for project h723_pin_selection ****
make -j12 all 
arm-none-eabi-size  h723_pin_selection.elf 
   text	   data	    bss	    dec	    hex	filename
  27736	     16	   3064	  30816	   7860	h723_pin_selection.elf
Finished building: default.size.stdout
 
23:06:16 **** Incremental Build of configuration Debug for project h750_pin_selection ****
make -j12 all 
arm-none-eabi-size  h750_pin_selection.elf 
   text	   data	    bss	    dec	    hex	filename
  33040	     16	   1920	  34976	   88a0	h750_pin_selection.elf
Finished building: default.size.stdout
 
23:06:17 **** Incremental Build of configuration Debug for project steppe_school_custom_bootloader_l432kc_bootloader ****
make -j12 all 
arm-none-eabi-gcc "../Core/Src/main.c" -mcpu=cortex-m4 -std=gnu11 -g3 -DDEBUG -DUSE_HAL_DRIVER -DSTM32L432xx -c -I../Core/Inc -I../Drivers/STM32L4xx_HAL_Driver/Inc -I../Drivers/STM32L4xx_HAL_Driver/Inc/Legacy -I../Drivers/CMSIS/Device/ST/STM32L4xx/Include -I../Drivers/CMSIS/Include -O0 -ffunction-sections -fdata-sections -Wall -fstack-usage -fcyclomatic-complexity -MMD -MP -MF"Core/Src/main.d" -MT"Core/Src/main.o" --specs=nano.specs -mfpu=fpv4-sp-d16 -mfloat-abi=hard -mthumb -o "Core/Src/main.o"
../Core/Src/main.c: In function 'main':
../Core/Src/main.c:140:3: warning: implicit declaration of function 'D3_Write'; did you mean 'LD3_Write'? [-Wimplicit-function-declaration]
  140 |   D3_Write(GPIO_PIN_SET);
      |   ^~~~~~~~
      |   LD3_Write
arm-none-eabi-gcc -o "steppe_school_custom_bootloader_l432kc_bootloader.elf" @"objects.list"   -mcpu=cortex-m4 -T"E:\altium_projects\stm_projects\steppe_school_custom_bootloader_l432kc_bootloader\STM32L432KCUX_FLASH.ld" --specs=nosys.specs -Wl,-Map="steppe_school_custom_bootloader_l432kc_bootloader.map" -Wl,--gc-sections -static --specs=nano.specs -mfpu=fpv4-sp-d16 -mfloat-abi=hard -mthumb -Wl,--start-group -lc -lm -Wl,--end-group
E:/STM32CubeIDE_1.19.0/STM32CubeIDE/plugins/com.st.stm32cube.ide.mcu.externaltools.gnu-tools-for-stm32.13.3.rel1.win32_1.0.0.202411081344/tools/bin/../lib/gcc/arm-none-eabi/13.3.1/../../../../arm-none-eabi/bin/ld.exe: ./Core/Src/main.o: in function `main':
E:/altium_projects/stm_projects/steppe_school_custom_bootloader_l432kc_bootloader/Debug/../Core/Src/main.c:140:(.text.main+0x3c): undefined reference to `D3_Write'
collect2.exe: error: ld returned 1 exit status
make: *** [makefile:64: steppe_school_custom_bootloader_l432kc_bootloader.elf] Error 1
"make -j12 all" terminated with exit code 2. Build might be incomplete.
23:06:17 **** Incremental Build of configuration Debug for project stm32WorldH7bootloader ****
make -j12 all 
arm-none-eabi-size  stm32WorldH7bootloader.elf 
   text	   data	    bss	    dec	    hex	filename
  29180	    320	   5864	  35364	   8a24	stm32WorldH7bootloader.elf
Finished building: default.size.stdout
 
23:06:18 **** Incremental Build of configuration Debug for project stm32WorldH7bootloader_application ****
make -j12 all 
arm-none-eabi-size  stm32WorldH7bootloader_application.elf 
   text	   data	    bss	    dec	    hex	filename
  35996	    260	   8708	  44964	   afa4	stm32WorldH7bootloader_application.elf
Finished building: default.size.stdout
 
23:06:18 **** Incremental Build of configuration Debug for project yeah ****
make -j12 all 
arm-none-eabi-size  yeah.elf 
   text	   data	    bss	    dec	    hex	filename
  11196	     12	   1708	  12916	   3274	yeah.elf
Finished building: default.size.stdout
 
23:06:34 **** Incremental Build of configuration Debug for project figuring_out_display h723 ****
make -j12 all 
arm-none-eabi-size  figuring_out_display\ h723.elf 
   text	   data	    bss	    dec	    hex	filename
   6504	     16	   1568	   8088	   1f98	figuring_out_display h723.elf
Finished building: default.size.stdout
 
23:06:35 **** Incremental Build of configuration Debug for project h723_pin_selection ****
make -j12 all 
arm-none-eabi-size  h723_pin_selection.elf 
   text	   data	    bss	    dec	    hex	filename
  27736	     16	   3064	  30816	   7860	h723_pin_selection.elf
Finished building: default.size.stdout
 
23:06:35 **** Incremental Build of configuration Debug for project h750_pin_selection ****
make -j12 all 
arm-none-eabi-size  h750_pin_selection.elf 
   text	   data	    bss	    dec	    hex	filename
  33040	     16	   1920	  34976	   88a0	h750_pin_selection.elf
Finished building: default.size.stdout
 
23:06:36 **** Incremental Build of configuration Debug for project steppe_school_custom_bootloader_l432kc_bootloader ****
make -j12 all 
arm-none-eabi-gcc "../Core/Src/main.c" -mcpu=cortex-m4 -std=gnu11 -g3 -DDEBUG -DUSE_HAL_DRIVER -DSTM32L432xx -c -I../Core/Inc -I../Drivers/STM32L4xx_HAL_Driver/Inc -I../Drivers/STM32L4xx_HAL_Driver/Inc/Legacy -I../Drivers/CMSIS/Device/ST/STM32L4xx/Include -I../Drivers/CMSIS/Include -O0 -ffunction-sections -fdata-sections -Wall -fstack-usage -fcyclomatic-complexity -MMD -MP -MF"Core/Src/main.d" -MT"Core/Src/main.o" --specs=nano.specs -mfpu=fpv4-sp-d16 -mfloat-abi=hard -mthumb -o "Core/Src/main.o"
arm-none-eabi-gcc -o "steppe_school_custom_bootloader_l432kc_bootloader.elf" @"objects.list"   -mcpu=cortex-m4 -T"E:\altium_projects\stm_projects\steppe_school_custom_bootloader_l432kc_bootloader\STM32L432KCUX_FLASH.ld" --specs=nosys.specs -Wl,-Map="steppe_school_custom_bootloader_l432kc_bootloader.map" -Wl,--gc-sections -static --specs=nano.specs -mfpu=fpv4-sp-d16 -mfloat-abi=hard -mthumb -Wl,--start-group -lc -lm -Wl,--end-group
Finished building target: steppe_school_custom_bootloader_l432kc_bootloader.elf
 
arm-none-eabi-size  steppe_school_custom_bootloader_l432kc_bootloader.elf 
arm-none-eabi-objdump -h -S steppe_school_custom_bootloader_l432kc_bootloader.elf  > "steppe_school_custom_bootloader_l432kc_bootloader.list"
   text	   data	    bss	    dec	    hex	filename
  22340	    104	   2760	  25204	   6274	steppe_school_custom_bootloader_l432kc_bootloader.elf
Finished building: default.size.stdout
 
Finished building: steppe_school_custom_bootloader_l432kc_bootloader.list
 
23:06:36 **** Incremental Build of configuration Debug for project stm32WorldH7bootloader ****
make -j12 all 
arm-none-eabi-size  stm32WorldH7bootloader.elf 
   text	   data	    bss	    dec	    hex	filename
  29180	    320	   5864	  35364	   8a24	stm32WorldH7bootloader.elf
Finished building: default.size.stdout
 
23:06:37 **** Incremental Build of configuration Debug for project stm32WorldH7bootloader_application ****
make -j12 all 
arm-none-eabi-size  stm32WorldH7bootloader_application.elf 
   text	   data	    bss	    dec	    hex	filename
  35996	    260	   8708	  44964	   afa4	stm32WorldH7bootloader_application.elf
Finished building: default.size.stdout
 
23:06:37 **** Incremental Build of configuration Debug for project yeah ****
make -j12 all 
arm-none-eabi-size  yeah.elf 
   text	   data	    bss	    dec	    hex	filename
  11196	     12	   1708	  12916	   3274	yeah.elf
Finished building: default.size.stdout
 
23:06:43 **** Incremental Build of configuration Debug for project steppe_school_custom_bootloader_l432kc_bootloader ****
make -j12 all 
arm-none-eabi-size  steppe_school_custom_bootloader_l432kc_bootloader.elf 
   text	   data	    bss	    dec	    hex	filename
  22340	    104	   2760	  25204	   6274	steppe_school_custom_bootloader_l432kc_bootloader.elf
Finished building: default.size.stdout
 
23:11:12 **** Build of configuration Debug for project L432test ****
make -j12 all 
arm-none-eabi-gcc "../Drivers/STM32L4xx_HAL_Driver/Src/stm32l4xx_hal.c" -mcpu=cortex-m4 -std=gnu11 -g3 -DDEBUG -DUSE_HAL_DRIVER -DSTM32L432xx -c -I../Core/Inc -I../Drivers/STM32L4xx_HAL_Driver/Inc -I../Drivers/STM32L4xx_HAL_Driver/Inc/Legacy -I../Drivers/CMSIS/Device/ST/STM32L4xx/Include -I../Drivers/CMSIS/Include -O0 -ffunction-sections -fdata-sections -Wall -fstack-usage -fcyclomatic-complexity -MMD -MP -MF"Drivers/STM32L4xx_HAL_Driver/Src/stm32l4xx_hal.d" -MT"Drivers/STM32L4xx_HAL_Driver/Src/stm32l4xx_hal.o" --specs=nano.specs -mfpu=fpv4-sp-d16 -mfloat-abi=hard -mthumb -o "Drivers/STM32L4xx_HAL_Driver/Src/stm32l4xx_hal.o"
arm-none-eabi-gcc "../Drivers/STM32L4xx_HAL_Driver/Src/stm32l4xx_hal_cortex.c" -mcpu=cortex-m4 -std=gnu11 -g3 -DDEBUG -DUSE_HAL_DRIVER -DSTM32L432xx -c -I../Core/Inc -I../Drivers/STM32L4xx_HAL_Driver/Inc -I../Drivers/STM32L4xx_HAL_Driver/Inc/Legacy -I../Drivers/CMSIS/Device/ST/STM32L4xx/Include -I../Drivers/CMSIS/Include -O0 -ffunction-sections -fdata-sections -Wall -fstack-usage -fcyclomatic-complexity -MMD -MP -MF"Drivers/STM32L4xx_HAL_Driver/Src/stm32l4xx_hal_cortex.d" -MT"Drivers/STM32L4xx_HAL_Driver/Src/stm32l4xx_hal_cortex.o" --specs=nano.specs -mfpu=fpv4-sp-d16 -mfloat-abi=hard -mthumb -o "Drivers/STM32L4xx_HAL_Driver/Src/stm32l4xx_hal_cortex.o"
arm-none-eabi-gcc "../Drivers/STM32L4xx_HAL_Driver/Src/stm32l4xx_hal_dma.c" -mcpu=cortex-m4 -std=gnu11 -g3 -DDEBUG -DUSE_HAL_DRIVER -DSTM32L432xx -c -I../Core/Inc -I../Drivers/STM32L4xx_HAL_Driver/Inc -I../Drivers/STM32L4xx_HAL_Driver/Inc/Legacy -I../Drivers/CMSIS/Device/ST/STM32L4xx/Include -I../Drivers/CMSIS/Include -O0 -ffunction-sections -fdata-sections -Wall -fstack-usage -fcyclomatic-complexity -MMD -MP -MF"Drivers/STM32L4xx_HAL_Driver/Src/stm32l4xx_hal_dma.d" -MT"Drivers/STM32L4xx_HAL_Driver/Src/stm32l4xx_hal_dma.o" --specs=nano.specs -mfpu=fpv4-sp-d16 -mfloat-abi=hard -mthumb -o "Drivers/STM32L4xx_HAL_Driver/Src/stm32l4xx_hal_dma.o"
arm-none-eabi-gcc "../Drivers/STM32L4xx_HAL_Driver/Src/stm32l4xx_hal_dma_ex.c" -mcpu=cortex-m4 -std=gnu11 -g3 -DDEBUG -DUSE_HAL_DRIVER -DSTM32L432xx -c -I../Core/Inc -I../Drivers/STM32L4xx_HAL_Driver/Inc -I../Drivers/STM32L4xx_HAL_Driver/Inc/Legacy -I../Drivers/CMSIS/Device/ST/STM32L4xx/Include -I../Drivers/CMSIS/Include -O0 -ffunction-sections -fdata-sections -Wall -fstack-usage -fcyclomatic-complexity -MMD -MP -MF"Drivers/STM32L4xx_HAL_Driver/Src/stm32l4xx_hal_dma_ex.d" -MT"Drivers/STM32L4xx_HAL_Driver/Src/stm32l4xx_hal_dma_ex.o" --specs=nano.specs -mfpu=fpv4-sp-d16 -mfloat-abi=hard -mthumb -o "Drivers/STM32L4xx_HAL_Driver/Src/stm32l4xx_hal_dma_ex.o"
arm-none-eabi-gcc "../Drivers/STM32L4xx_HAL_Driver/Src/stm32l4xx_hal_exti.c" -mcpu=cortex-m4 -std=gnu11 -g3 -DDEBUG -DUSE_HAL_DRIVER -DSTM32L432xx -c -I../Core/Inc -I../Drivers/STM32L4xx_HAL_Driver/Inc -I../Drivers/STM32L4xx_HAL_Driver/Inc/Legacy -I../Drivers/CMSIS/Device/ST/STM32L4xx/Include -I../Drivers/CMSIS/Include -O0 -ffunction-sections -fdata-sections -Wall -fstack-usage -fcyclomatic-complexity -MMD -MP -MF"Drivers/STM32L4xx_HAL_Driver/Src/stm32l4xx_hal_exti.d" -MT"Drivers/STM32L4xx_HAL_Driver/Src/stm32l4xx_hal_exti.o" --specs=nano.specs -mfpu=fpv4-sp-d16 -mfloat-abi=hard -mthumb -o "Drivers/STM32L4xx_HAL_Driver/Src/stm32l4xx_hal_exti.o"
arm-none-eabi-gcc "../Drivers/STM32L4xx_HAL_Driver/Src/stm32l4xx_hal_flash.c" -mcpu=cortex-m4 -std=gnu11 -g3 -DDEBUG -DUSE_HAL_DRIVER -DSTM32L432xx -c -I../Core/Inc -I../Drivers/STM32L4xx_HAL_Driver/Inc -I../Drivers/STM32L4xx_HAL_Driver/Inc/Legacy -I../Drivers/CMSIS/Device/ST/STM32L4xx/Include -I../Drivers/CMSIS/Include -O0 -ffunction-sections -fdata-sections -Wall -fstack-usage -fcyclomatic-complexity -MMD -MP -MF"Drivers/STM32L4xx_HAL_Driver/Src/stm32l4xx_hal_flash.d" -MT"Drivers/STM32L4xx_HAL_Driver/Src/stm32l4xx_hal_flash.o" --specs=nano.specs -mfpu=fpv4-sp-d16 -mfloat-abi=hard -mthumb -o "Drivers/STM32L4xx_HAL_Driver/Src/stm32l4xx_hal_flash.o"
arm-none-eabi-gcc "../Drivers/STM32L4xx_HAL_Driver/Src/stm32l4xx_hal_flash_ex.c" -mcpu=cortex-m4 -std=gnu11 -g3 -DDEBUG -DUSE_HAL_DRIVER -DSTM32L432xx -c -I../Core/Inc -I../Drivers/STM32L4xx_HAL_Driver/Inc -I../Drivers/STM32L4xx_HAL_Driver/Inc/Legacy -I../Drivers/CMSIS/Device/ST/STM32L4xx/Include -I../Drivers/CMSIS/Include -O0 -ffunction-sections -fdata-sections -Wall -fstack-usage -fcyclomatic-complexity -MMD -MP -MF"Drivers/STM32L4xx_HAL_Driver/Src/stm32l4xx_hal_flash_ex.d" -MT"Drivers/STM32L4xx_HAL_Driver/Src/stm32l4xx_hal_flash_ex.o" --specs=nano.specs -mfpu=fpv4-sp-d16 -mfloat-abi=hard -mthumb -o "Drivers/STM32L4xx_HAL_Driver/Src/stm32l4xx_hal_flash_ex.o"
arm-none-eabi-gcc "../Drivers/STM32L4xx_HAL_Driver/Src/stm32l4xx_hal_flash_ramfunc.c" -mcpu=cortex-m4 -std=gnu11 -g3 -DDEBUG -DUSE_HAL_DRIVER -DSTM32L432xx -c -I../Core/Inc -I../Drivers/STM32L4xx_HAL_Driver/Inc -I../Drivers/STM32L4xx_HAL_Driver/Inc/Legacy -I../Drivers/CMSIS/Device/ST/STM32L4xx/Include -I../Drivers/CMSIS/Include -O0 -ffunction-sections -fdata-sections -Wall -fstack-usage -fcyclomatic-complexity -MMD -MP -MF"Drivers/STM32L4xx_HAL_Driver/Src/stm32l4xx_hal_flash_ramfunc.d" -MT"Drivers/STM32L4xx_HAL_Driver/Src/stm32l4xx_hal_flash_ramfunc.o" --specs=nano.specs -mfpu=fpv4-sp-d16 -mfloat-abi=hard -mthumb -o "Drivers/STM32L4xx_HAL_Driver/Src/stm32l4xx_hal_flash_ramfunc.o"
arm-none-eabi-gcc "../Drivers/STM32L4xx_HAL_Driver/Src/stm32l4xx_hal_gpio.c" -mcpu=cortex-m4 -std=gnu11 -g3 -DDEBUG -DUSE_HAL_DRIVER -DSTM32L432xx -c -I../Core/Inc -I../Drivers/STM32L4xx_HAL_Driver/Inc -I../Drivers/STM32L4xx_HAL_Driver/Inc/Legacy -I../Drivers/CMSIS/Device/ST/STM32L4xx/Include -I../Drivers/CMSIS/Include -O0 -ffunction-sections -fdata-sections -Wall -fstack-usage -fcyclomatic-complexity -MMD -MP -MF"Drivers/STM32L4xx_HAL_Driver/Src/stm32l4xx_hal_gpio.d" -MT"Drivers/STM32L4xx_HAL_Driver/Src/stm32l4xx_hal_gpio.o" --specs=nano.specs -mfpu=fpv4-sp-d16 -mfloat-abi=hard -mthumb -o "Drivers/STM32L4xx_HAL_Driver/Src/stm32l4xx_hal_gpio.o"
arm-none-eabi-gcc "../Drivers/STM32L4xx_HAL_Driver/Src/stm32l4xx_hal_i2c.c" -mcpu=cortex-m4 -std=gnu11 -g3 -DDEBUG -DUSE_HAL_DRIVER -DSTM32L432xx -c -I../Core/Inc -I../Drivers/STM32L4xx_HAL_Driver/Inc -I../Drivers/STM32L4xx_HAL_Driver/Inc/Legacy -I../Drivers/CMSIS/Device/ST/STM32L4xx/Include -I../Drivers/CMSIS/Include -O0 -ffunction-sections -fdata-sections -Wall -fstack-usage -fcyclomatic-complexity -MMD -MP -MF"Drivers/STM32L4xx_HAL_Driver/Src/stm32l4xx_hal_i2c.d" -MT"Drivers/STM32L4xx_HAL_Driver/Src/stm32l4xx_hal_i2c.o" --specs=nano.specs -mfpu=fpv4-sp-d16 -mfloat-abi=hard -mthumb -o "Drivers/STM32L4xx_HAL_Driver/Src/stm32l4xx_hal_i2c.o"
arm-none-eabi-gcc "../Drivers/STM32L4xx_HAL_Driver/Src/stm32l4xx_hal_i2c_ex.c" -mcpu=cortex-m4 -std=gnu11 -g3 -DDEBUG -DUSE_HAL_DRIVER -DSTM32L432xx -c -I../Core/Inc -I../Drivers/STM32L4xx_HAL_Driver/Inc -I../Drivers/STM32L4xx_HAL_Driver/Inc/Legacy -I../Drivers/CMSIS/Device/ST/STM32L4xx/Include -I../Drivers/CMSIS/Include -O0 -ffunction-sections -fdata-sections -Wall -fstack-usage -fcyclomatic-complexity -MMD -MP -MF"Drivers/STM32L4xx_HAL_Driver/Src/stm32l4xx_hal_i2c_ex.d" -MT"Drivers/STM32L4xx_HAL_Driver/Src/stm32l4xx_hal_i2c_ex.o" --specs=nano.specs -mfpu=fpv4-sp-d16 -mfloat-abi=hard -mthumb -o "Drivers/STM32L4xx_HAL_Driver/Src/stm32l4xx_hal_i2c_ex.o"
arm-none-eabi-gcc "../Drivers/STM32L4xx_HAL_Driver/Src/stm32l4xx_hal_pwr.c" -mcpu=cortex-m4 -std=gnu11 -g3 -DDEBUG -DUSE_HAL_DRIVER -DSTM32L432xx -c -I../Core/Inc -I../Drivers/STM32L4xx_HAL_Driver/Inc -I../Drivers/STM32L4xx_HAL_Driver/Inc/Legacy -I../Drivers/CMSIS/Device/ST/STM32L4xx/Include -I../Drivers/CMSIS/Include -O0 -ffunction-sections -fdata-sections -Wall -fstack-usage -fcyclomatic-complexity -MMD -MP -MF"Drivers/STM32L4xx_HAL_Driver/Src/stm32l4xx_hal_pwr.d" -MT"Drivers/STM32L4xx_HAL_Driver/Src/stm32l4xx_hal_pwr.o" --specs=nano.specs -mfpu=fpv4-sp-d16 -mfloat-abi=hard -mthumb -o "Drivers/STM32L4xx_HAL_Driver/Src/stm32l4xx_hal_pwr.o"
arm-none-eabi-gcc "../Drivers/STM32L4xx_HAL_Driver/Src/stm32l4xx_hal_pwr_ex.c" -mcpu=cortex-m4 -std=gnu11 -g3 -DDEBUG -DUSE_HAL_DRIVER -DSTM32L432xx -c -I../Core/Inc -I../Drivers/STM32L4xx_HAL_Driver/Inc -I../Drivers/STM32L4xx_HAL_Driver/Inc/Legacy -I../Drivers/CMSIS/Device/ST/STM32L4xx/Include -I../Drivers/CMSIS/Include -O0 -ffunction-sections -fdata-sections -Wall -fstack-usage -fcyclomatic-complexity -MMD -MP -MF"Drivers/STM32L4xx_HAL_Driver/Src/stm32l4xx_hal_pwr_ex.d" -MT"Drivers/STM32L4xx_HAL_Driver/Src/stm32l4xx_hal_pwr_ex.o" --specs=nano.specs -mfpu=fpv4-sp-d16 -mfloat-abi=hard -mthumb -o "Drivers/STM32L4xx_HAL_Driver/Src/stm32l4xx_hal_pwr_ex.o"
arm-none-eabi-gcc "../Drivers/STM32L4xx_HAL_Driver/Src/stm32l4xx_hal_rcc.c" -mcpu=cortex-m4 -std=gnu11 -g3 -DDEBUG -DUSE_HAL_DRIVER -DSTM32L432xx -c -I../Core/Inc -I../Drivers/STM32L4xx_HAL_Driver/Inc -I../Drivers/STM32L4xx_HAL_Driver/Inc/Legacy -I../Drivers/CMSIS/Device/ST/STM32L4xx/Include -I../Drivers/CMSIS/Include -O0 -ffunction-sections -fdata-sections -Wall -fstack-usage -fcyclomatic-complexity -MMD -MP -MF"Drivers/STM32L4xx_HAL_Driver/Src/stm32l4xx_hal_rcc.d" -MT"Drivers/STM32L4xx_HAL_Driver/Src/stm32l4xx_hal_rcc.o" --specs=nano.specs -mfpu=fpv4-sp-d16 -mfloat-abi=hard -mthumb -o "Drivers/STM32L4xx_HAL_Driver/Src/stm32l4xx_hal_rcc.o"
arm-none-eabi-gcc "../Drivers/STM32L4xx_HAL_Driver/Src/stm32l4xx_hal_rcc_ex.c" -mcpu=cortex-m4 -std=gnu11 -g3 -DDEBUG -DUSE_HAL_DRIVER -DSTM32L432xx -c -I../Core/Inc -I../Drivers/STM32L4xx_HAL_Driver/Inc -I../Drivers/STM32L4xx_HAL_Driver/Inc/Legacy -I../Drivers/CMSIS/Device/ST/STM32L4xx/Include -I../Drivers/CMSIS/Include -O0 -ffunction-sections -fdata-sections -Wall -fstack-usage -fcyclomatic-complexity -MMD -MP -MF"Drivers/STM32L4xx_HAL_Driver/Src/stm32l4xx_hal_rcc_ex.d" -MT"Drivers/STM32L4xx_HAL_Driver/Src/stm32l4xx_hal_rcc_ex.o" --specs=nano.specs -mfpu=fpv4-sp-d16 -mfloat-abi=hard -mthumb -o "Drivers/STM32L4xx_HAL_Driver/Src/stm32l4xx_hal_rcc_ex.o"
arm-none-eabi-gcc "../Drivers/STM32L4xx_HAL_Driver/Src/stm32l4xx_hal_uart.c" -mcpu=cortex-m4 -std=gnu11 -g3 -DDEBUG -DUSE_HAL_DRIVER -DSTM32L432xx -c -I../Core/Inc -I../Drivers/STM32L4xx_HAL_Driver/Inc -I../Drivers/STM32L4xx_HAL_Driver/Inc/Legacy -I../Drivers/CMSIS/Device/ST/STM32L4xx/Include -I../Drivers/CMSIS/Include -O0 -ffunction-sections -fdata-sections -Wall -fstack-usage -fcyclomatic-complexity -MMD -MP -MF"Drivers/STM32L4xx_HAL_Driver/Src/stm32l4xx_hal_uart.d" -MT"Drivers/STM32L4xx_HAL_Driver/Src/stm32l4xx_hal_uart.o" --specs=nano.specs -mfpu=fpv4-sp-d16 -mfloat-abi=hard -mthumb -o "Drivers/STM32L4xx_HAL_Driver/Src/stm32l4xx_hal_uart.o"
arm-none-eabi-gcc "../Drivers/STM32L4xx_HAL_Driver/Src/stm32l4xx_hal_uart_ex.c" -mcpu=cortex-m4 -std=gnu11 -g3 -DDEBUG -DUSE_HAL_DRIVER -DSTM32L432xx -c -I../Core/Inc -I../Drivers/STM32L4xx_HAL_Driver/Inc -I../Drivers/STM32L4xx_HAL_Driver/Inc/Legacy -I../Drivers/CMSIS/Device/ST/STM32L4xx/Include -I../Drivers/CMSIS/Include -O0 -ffunction-sections -fdata-sections -Wall -fstack-usage -fcyclomatic-complexity -MMD -MP -MF"Drivers/STM32L4xx_HAL_Driver/Src/stm32l4xx_hal_uart_ex.d" -MT"Drivers/STM32L4xx_HAL_Driver/Src/stm32l4xx_hal_uart_ex.o" --specs=nano.specs -mfpu=fpv4-sp-d16 -mfloat-abi=hard -mthumb -o "Drivers/STM32L4xx_HAL_Driver/Src/stm32l4xx_hal_uart_ex.o"
arm-none-eabi-gcc -mcpu=cortex-m4 -g3 -DDEBUG -c -x assembler-with-cpp -MMD -MP -MF"Core/Startup/startup_stm32l432kcux.d" -MT"Core/Startup/startup_stm32l432kcux.o" --specs=nano.specs -mfpu=fpv4-sp-d16 -mfloat-abi=hard -mthumb -o "Core/Startup/startup_stm32l432kcux.o" "../Core/Startup/startup_stm32l432kcux.s"
arm-none-eabi-gcc "../Core/Src/main.c" -mcpu=cortex-m4 -std=gnu11 -g3 -DDEBUG -DUSE_HAL_DRIVER -DSTM32L432xx -c -I../Core/Inc -I../Drivers/STM32L4xx_HAL_Driver/Inc -I../Drivers/STM32L4xx_HAL_Driver/Inc/Legacy -I../Drivers/CMSIS/Device/ST/STM32L4xx/Include -I../Drivers/CMSIS/Include -O0 -ffunction-sections -fdata-sections -Wall -fstack-usage -fcyclomatic-complexity -MMD -MP -MF"Core/Src/main.d" -MT"Core/Src/main.o" --specs=nano.specs -mfpu=fpv4-sp-d16 -mfloat-abi=hard -mthumb -o "Core/Src/main.o"
arm-none-eabi-gcc "../Core/Src/stm32l4xx_hal_msp.c" -mcpu=cortex-m4 -std=gnu11 -g3 -DDEBUG -DUSE_HAL_DRIVER -DSTM32L432xx -c -I../Core/Inc -I../Drivers/STM32L4xx_HAL_Driver/Inc -I../Drivers/STM32L4xx_HAL_Driver/Inc/Legacy -I../Drivers/CMSIS/Device/ST/STM32L4xx/Include -I../Drivers/CMSIS/Include -O0 -ffunction-sections -fdata-sections -Wall -fstack-usage -fcyclomatic-complexity -MMD -MP -MF"Core/Src/stm32l4xx_hal_msp.d" -MT"Core/Src/stm32l4xx_hal_msp.o" --specs=nano.specs -mfpu=fpv4-sp-d16 -mfloat-abi=hard -mthumb -o "Core/Src/stm32l4xx_hal_msp.o"
arm-none-eabi-gcc "../Core/Src/stm32l4xx_it.c" -mcpu=cortex-m4 -std=gnu11 -g3 -DDEBUG -DUSE_HAL_DRIVER -DSTM32L432xx -c -I../Core/Inc -I../Drivers/STM32L4xx_HAL_Driver/Inc -I../Drivers/STM32L4xx_HAL_Driver/Inc/Legacy -I../Drivers/CMSIS/Device/ST/STM32L4xx/Include -I../Drivers/CMSIS/Include -O0 -ffunction-sections -fdata-sections -Wall -fstack-usage -fcyclomatic-complexity -MMD -MP -MF"Core/Src/stm32l4xx_it.d" -MT"Core/Src/stm32l4xx_it.o" --specs=nano.specs -mfpu=fpv4-sp-d16 -mfloat-abi=hard -mthumb -o "Core/Src/stm32l4xx_it.o"
arm-none-eabi-gcc "../Core/Src/syscalls.c" -mcpu=cortex-m4 -std=gnu11 -g3 -DDEBUG -DUSE_HAL_DRIVER -DSTM32L432xx -c -I../Core/Inc -I../Drivers/STM32L4xx_HAL_Driver/Inc -I../Drivers/STM32L4xx_HAL_Driver/Inc/Legacy -I../Drivers/CMSIS/Device/ST/STM32L4xx/Include -I../Drivers/CMSIS/Include -O0 -ffunction-sections -fdata-sections -Wall -fstack-usage -fcyclomatic-complexity -MMD -MP -MF"Core/Src/syscalls.d" -MT"Core/Src/syscalls.o" --specs=nano.specs -mfpu=fpv4-sp-d16 -mfloat-abi=hard -mthumb -o "Core/Src/syscalls.o"
arm-none-eabi-gcc "../Core/Src/sysmem.c" -mcpu=cortex-m4 -std=gnu11 -g3 -DDEBUG -DUSE_HAL_DRIVER -DSTM32L432xx -c -I../Core/Inc -I../Drivers/STM32L4xx_HAL_Driver/Inc -I../Drivers/STM32L4xx_HAL_Driver/Inc/Legacy -I../Drivers/CMSIS/Device/ST/STM32L4xx/Include -I../Drivers/CMSIS/Include -O0 -ffunction-sections -fdata-sections -Wall -fstack-usage -fcyclomatic-complexity -MMD -MP -MF"Core/Src/sysmem.d" -MT"Core/Src/sysmem.o" --specs=nano.specs -mfpu=fpv4-sp-d16 -mfloat-abi=hard -mthumb -o "Core/Src/sysmem.o"
arm-none-eabi-gcc "../Core/Src/system_stm32l4xx.c" -mcpu=cortex-m4 -std=gnu11 -g3 -DDEBUG -DUSE_HAL_DRIVER -DSTM32L432xx -c -I../Core/Inc -I../Drivers/STM32L4xx_HAL_Driver/Inc -I../Drivers/STM32L4xx_HAL_Driver/Inc/Legacy -I../Drivers/CMSIS/Device/ST/STM32L4xx/Include -I../Drivers/CMSIS/Include -O0 -ffunction-sections -fdata-sections -Wall -fstack-usage -fcyclomatic-complexity -MMD -MP -MF"Core/Src/system_stm32l4xx.d" -MT"Core/Src/system_stm32l4xx.o" --specs=nano.specs -mfpu=fpv4-sp-d16 -mfloat-abi=hard -mthumb -o "Core/Src/system_stm32l4xx.o"
arm-none-eabi-gcc -o "L432test.elf" @"objects.list"   -mcpu=cortex-m4 -T"E:\altium_projects\stm_projects\L432test\STM32L432KCUX_FLASH.ld" --specs=nosys.specs -Wl,-Map="L432test.map" -Wl,--gc-sections -static --specs=nano.specs -mfpu=fpv4-sp-d16 -mfloat-abi=hard -mthumb -Wl,--start-group -lc -lm -Wl,--end-group
Finished building target: L432test.elf
 
arm-none-eabi-size  L432test.elf 
arm-none-eabi-objdump -h -S L432test.elf  > "L432test.list"
   text	   data	    bss	    dec	    hex	filename
  11308	     12	   1708	  13028	   32e4	L432test.elf
Finished building: default.size.stdout
 
Finished building: L432test.list
 
23:11:13 **** Incremental Build of configuration Debug for project figuring_out_display h723 ****
make -j12 all 
arm-none-eabi-size  figuring_out_display\ h723.elf 
   text	   data	    bss	    dec	    hex	filename
   6504	     16	   1568	   8088	   1f98	figuring_out_display h723.elf
Finished building: default.size.stdout
 
23:11:15 **** Incremental Build of configuration Debug for project h723_pin_selection ****
make -j12 all 
arm-none-eabi-size  h723_pin_selection.elf 
   text	   data	    bss	    dec	    hex	filename
  27736	     16	   3064	  30816	   7860	h723_pin_selection.elf
Finished building: default.size.stdout
 
23:11:16 **** Incremental Build of configuration Debug for project h750_pin_selection ****
make -j12 all 
arm-none-eabi-size  h750_pin_selection.elf 
   text	   data	    bss	    dec	    hex	filename
  33040	     16	   1920	  34976	   88a0	h750_pin_selection.elf
Finished building: default.size.stdout
 
23:11:16 **** Incremental Build of configuration Debug for project steppe_school_custom_bootloader_l432kc_bootloader ****
make -j12 all 
arm-none-eabi-size  steppe_school_custom_bootloader_l432kc_bootloader.elf 
   text	   data	    bss	    dec	    hex	filename
  22340	    104	   2760	  25204	   6274	steppe_school_custom_bootloader_l432kc_bootloader.elf
Finished building: default.size.stdout
 
23:11:16 **** Incremental Build of configuration Debug for project stm32WorldH7bootloader ****
make -j12 all 
arm-none-eabi-size  stm32WorldH7bootloader.elf 
   text	   data	    bss	    dec	    hex	filename
  29180	    320	   5864	  35364	   8a24	stm32WorldH7bootloader.elf
Finished building: default.size.stdout
 
23:11:16 **** Incremental Build of configuration Debug for project stm32WorldH7bootloader_application ****
make -j12 all 
arm-none-eabi-size  stm32WorldH7bootloader_application.elf 
   text	   data	    bss	    dec	    hex	filename
  35996	    260	   8708	  44964	   afa4	stm32WorldH7bootloader_application.elf
Finished building: default.size.stdout
 
23:11:17 **** Incremental Build of configuration Debug for project yeah ****
make -j12 all 
arm-none-eabi-size  yeah.elf 
   text	   data	    bss	    dec	    hex	filename
  11196	     12	   1708	  12916	   3274	yeah.elf
Finished building: default.size.stdout
 
23:11:23 **** Incremental Build of configuration Debug for project L432test ****
make -j12 all 
arm-none-eabi-size  L432test.elf 
   text	   data	    bss	    dec	    hex	filename
  11308	     12	   1708	  13028	   32e4	L432test.elf
Finished building: default.size.stdout
 
23:12:05 **** Incremental Build of configuration Debug for project L432test ****
make -j12 all 
arm-none-eabi-size  L432test.elf 
   text	   data	    bss	    dec	    hex	filename
  11308	     12	   1708	  13028	   32e4	L432test.elf
Finished building: default.size.stdout
 
23:12:05 **** Incremental Build of configuration Debug for project figuring_out_display h723 ****
make -j12 all 
arm-none-eabi-size  figuring_out_display\ h723.elf 
   text	   data	    bss	    dec	    hex	filename
   6504	     16	   1568	   8088	   1f98	figuring_out_display h723.elf
Finished building: default.size.stdout
 
23:12:07 **** Incremental Build of configuration Debug for project h723_pin_selection ****
make -j12 all 
arm-none-eabi-size  h723_pin_selection.elf 
   text	   data	    bss	    dec	    hex	filename
  27736	     16	   3064	  30816	   7860	h723_pin_selection.elf
Finished building: default.size.stdout
 
23:12:07 **** Incremental Build of configuration Debug for project h750_pin_selection ****
make -j12 all 
arm-none-eabi-size  h750_pin_selection.elf 
   text	   data	    bss	    dec	    hex	filename
  33040	     16	   1920	  34976	   88a0	h750_pin_selection.elf
Finished building: default.size.stdout
 
23:12:07 **** Incremental Build of configuration Debug for project steppe_school_custom_bootloader_l432kc_bootloader ****
make -j12 all 
arm-none-eabi-size  steppe_school_custom_bootloader_l432kc_bootloader.elf 
   text	   data	    bss	    dec	    hex	filename
  22340	    104	   2760	  25204	   6274	steppe_school_custom_bootloader_l432kc_bootloader.elf
Finished building: default.size.stdout
 
23:12:08 **** Incremental Build of configuration Debug for project stm32WorldH7bootloader ****
make -j12 all 
arm-none-eabi-size  stm32WorldH7bootloader.elf 
   text	   data	    bss	    dec	    hex	filename
  29180	    320	   5864	  35364	   8a24	stm32WorldH7bootloader.elf
Finished building: default.size.stdout
 
23:12:08 **** Incremental Build of configuration Debug for project stm32WorldH7bootloader_application ****
make -j12 all 
arm-none-eabi-size  stm32WorldH7bootloader_application.elf 
   text	   data	    bss	    dec	    hex	filename
  35996	    260	   8708	  44964	   afa4	stm32WorldH7bootloader_application.elf
Finished building: default.size.stdout
 
23:12:08 **** Incremental Build of configuration Debug for project yeah ****
make -j12 all 
arm-none-eabi-size  yeah.elf 
   text	   data	    bss	    dec	    hex	filename
  11196	     12	   1708	  12916	   3274	yeah.elf
Finished building: default.size.stdout
 
23:12:18 **** Incremental Build of configuration Debug for project L432test ****
make -j12 all 
arm-none-eabi-size  L432test.elf 
   text	   data	    bss	    dec	    hex	filename
  11308	     12	   1708	  13028	   32e4	L432test.elf
Finished building: default.size.stdout
 
23:12:18 **** Incremental Build of configuration Debug for project figuring_out_display h723 ****
make -j12 all 
arm-none-eabi-size  figuring_out_display\ h723.elf 
   text	   data	    bss	    dec	    hex	filename
   6504	     16	   1568	   8088	   1f98	figuring_out_display h723.elf
Finished building: default.size.stdout
 
23:12:21 **** Incremental Build of configuration Debug for project h723_pin_selection ****
make -j12 all 
arm-none-eabi-size  h723_pin_selection.elf 
   text	   data	    bss	    dec	    hex	filename
  27736	     16	   3064	  30816	   7860	h723_pin_selection.elf
Finished building: default.size.stdout
 
23:12:22 **** Incremental Build of configuration Debug for project h750_pin_selection ****
make -j12 all 
arm-none-eabi-size  h750_pin_selection.elf 
   text	   data	    bss	    dec	    hex	filename
  33040	     16	   1920	  34976	   88a0	h750_pin_selection.elf
Finished building: default.size.stdout
 
23:12:22 **** Incremental Build of configuration Debug for project steppe_school_custom_bootloader_l432kc_bootloader ****
make -j12 all 
arm-none-eabi-size  steppe_school_custom_bootloader_l432kc_bootloader.elf 
   text	   data	    bss	    dec	    hex	filename
  22340	    104	   2760	  25204	   6274	steppe_school_custom_bootloader_l432kc_bootloader.elf
Finished building: default.size.stdout
 
23:12:22 **** Incremental Build of configuration Debug for project stm32WorldH7bootloader ****
make -j12 all 
arm-none-eabi-size  stm32WorldH7bootloader.elf 
   text	   data	    bss	    dec	    hex	filename
  29180	    320	   5864	  35364	   8a24	stm32WorldH7bootloader.elf
Finished building: default.size.stdout
 
23:12:23 **** Incremental Build of configuration Debug for project stm32WorldH7bootloader_application ****
make -j12 all 
arm-none-eabi-size  stm32WorldH7bootloader_application.elf 
   text	   data	    bss	    dec	    hex	filename
  35996	    260	   8708	  44964	   afa4	stm32WorldH7bootloader_application.elf
Finished building: default.size.stdout
 
23:12:23 **** Incremental Build of configuration Debug for project yeah ****
make -j12 all 
arm-none-eabi-size  yeah.elf 
   text	   data	    bss	    dec	    hex	filename
  11196	     12	   1708	  12916	   3274	yeah.elf
Finished building: default.size.stdout
 
23:12:28 **** Incremental Build of configuration Debug for project steppe_school_custom_bootloader_l432kc_bootloader ****
make -j12 all 
arm-none-eabi-size  steppe_school_custom_bootloader_l432kc_bootloader.elf 
   text	   data	    bss	    dec	    hex	filename
  22340	    104	   2760	  25204	   6274	steppe_school_custom_bootloader_l432kc_bootloader.elf
Finished building: default.size.stdout
 
